Archive member included to satisfy reference by file (symbol)

/home/mehdi/ARMToolChain/gcc-arm-none-eabi-9-2019-q4-major-x86_64-linux/gcc-arm-none-eabi-9-2019-q4-major/bin/../lib/gcc/arm-none-eabi/9.2.1/../../../../arm-none-eabi/lib/thumb/v7e-m/nofp/libstdc++_nano.a(del_op.o)
                              CMakeFiles/first_hello_world_STM32F301x6.elf.dir/helloWorld.cpp.obj (operator delete(void*))
/home/mehdi/ARMToolChain/gcc-arm-none-eabi-9-2019-q4-major-x86_64-linux/gcc-arm-none-eabi-9-2019-q4-major/bin/../lib/gcc/arm-none-eabi/9.2.1/../../../../arm-none-eabi/lib/thumb/v7e-m/nofp/libstdc++_nano.a(string-inst.o)
                              CMakeFiles/first_hello_world_STM32F301x6.elf.dir/helloWorld.cpp.obj (std::__cxx11::basic_string<char, std::char_traits<char>, std::allocator<char> >::basic_string(char const*, std::allocator<char> const&))
/home/mehdi/ARMToolChain/gcc-arm-none-eabi-9-2019-q4-major-x86_64-linux/gcc-arm-none-eabi-9-2019-q4-major/bin/../lib/gcc/arm-none-eabi/9.2.1/../../../../arm-none-eabi/lib/thumb/v7e-m/nofp/libstdc++_nano.a(new_op.o)
                              /home/mehdi/ARMToolChain/gcc-arm-none-eabi-9-2019-q4-major-x86_64-linux/gcc-arm-none-eabi-9-2019-q4-major/bin/../lib/gcc/arm-none-eabi/9.2.1/../../../../arm-none-eabi/lib/thumb/v7e-m/nofp/libstdc++_nano.a(string-inst.o) (operator new(unsigned int))
/home/mehdi/ARMToolChain/gcc-arm-none-eabi-9-2019-q4-major-x86_64-linux/gcc-arm-none-eabi-9-2019-q4-major/bin/../lib/gcc/arm-none-eabi/9.2.1/../../../../arm-none-eabi/lib/thumb/v7e-m/nofp/libstdc++_nano.a(functexcept.o)
                              /home/mehdi/ARMToolChain/gcc-arm-none-eabi-9-2019-q4-major-x86_64-linux/gcc-arm-none-eabi-9-2019-q4-major/bin/../lib/gcc/arm-none-eabi/9.2.1/../../../../arm-none-eabi/lib/thumb/v7e-m/nofp/libstdc++_nano.a(string-inst.o) (std::__throw_bad_alloc())
/home/mehdi/ARMToolChain/gcc-arm-none-eabi-9-2019-q4-major-x86_64-linux/gcc-arm-none-eabi-9-2019-q4-major/bin/../lib/gcc/arm-none-eabi/9.2.1/../../../../arm-none-eabi/lib/thumb/v7e-m/nofp/libstdc++_nano.a(snprintf_lite.o)
                              /home/mehdi/ARMToolChain/gcc-arm-none-eabi-9-2019-q4-major-x86_64-linux/gcc-arm-none-eabi-9-2019-q4-major/bin/../lib/gcc/arm-none-eabi/9.2.1/../../../../arm-none-eabi/lib/thumb/v7e-m/nofp/libstdc++_nano.a(functexcept.o) (__gnu_cxx::__snprintf_lite(char*, unsigned int, char const*, std::__va_list))
/home/mehdi/ARMToolChain/gcc-arm-none-eabi-9-2019-q4-major-x86_64-linux/gcc-arm-none-eabi-9-2019-q4-major/bin/../lib/gcc/arm-none-eabi/9.2.1/../../../../arm-none-eabi/lib/thumb/v7e-m/nofp/libstdc++_nano.a(new_handler.o)
                              /home/mehdi/ARMToolChain/gcc-arm-none-eabi-9-2019-q4-major-x86_64-linux/gcc-arm-none-eabi-9-2019-q4-major/bin/../lib/gcc/arm-none-eabi/9.2.1/../../../../arm-none-eabi/lib/thumb/v7e-m/nofp/libstdc++_nano.a(new_op.o) (std::get_new_handler())
/home/mehdi/ARMToolChain/gcc-arm-none-eabi-9-2019-q4-major-x86_64-linux/gcc-arm-none-eabi-9-2019-q4-major/bin/../lib/gcc/arm-none-eabi/9.2.1/../../../../arm-none-eabi/lib/thumb/v7e-m/nofp/libc_nano.a(lib_a-abort.o)
                              /home/mehdi/ARMToolChain/gcc-arm-none-eabi-9-2019-q4-major-x86_64-linux/gcc-arm-none-eabi-9-2019-q4-major/bin/../lib/gcc/arm-none-eabi/9.2.1/../../../../arm-none-eabi/lib/thumb/v7e-m/nofp/libstdc++_nano.a(new_op.o) (abort)
/home/mehdi/ARMToolChain/gcc-arm-none-eabi-9-2019-q4-major-x86_64-linux/gcc-arm-none-eabi-9-2019-q4-major/bin/../lib/gcc/arm-none-eabi/9.2.1/../../../../arm-none-eabi/lib/thumb/v7e-m/nofp/libc_nano.a(lib_a-exit.o)
                              /home/mehdi/ARMToolChain/gcc-arm-none-eabi-9-2019-q4-major-x86_64-linux/gcc-arm-none-eabi-9-2019-q4-major/bin/../lib/gcc/arm-none-eabi/9.2.1/../../../../arm-none-eabi/lib/thumb/v7e-m/nofp/crt0.o (exit)
/home/mehdi/ARMToolChain/gcc-arm-none-eabi-9-2019-q4-major-x86_64-linux/gcc-arm-none-eabi-9-2019-q4-major/bin/../lib/gcc/arm-none-eabi/9.2.1/../../../../arm-none-eabi/lib/thumb/v7e-m/nofp/libc_nano.a(lib_a-impure.o)
                              /home/mehdi/ARMToolChain/gcc-arm-none-eabi-9-2019-q4-major-x86_64-linux/gcc-arm-none-eabi-9-2019-q4-major/bin/../lib/gcc/arm-none-eabi/9.2.1/../../../../arm-none-eabi/lib/thumb/v7e-m/nofp/libc_nano.a(lib_a-exit.o) (_global_impure_ptr)
/home/mehdi/ARMToolChain/gcc-arm-none-eabi-9-2019-q4-major-x86_64-linux/gcc-arm-none-eabi-9-2019-q4-major/bin/../lib/gcc/arm-none-eabi/9.2.1/../../../../arm-none-eabi/lib/thumb/v7e-m/nofp/libc_nano.a(lib_a-init.o)
                              /home/mehdi/ARMToolChain/gcc-arm-none-eabi-9-2019-q4-major-x86_64-linux/gcc-arm-none-eabi-9-2019-q4-major/bin/../lib/gcc/arm-none-eabi/9.2.1/../../../../arm-none-eabi/lib/thumb/v7e-m/nofp/crt0.o (__libc_init_array)
/home/mehdi/ARMToolChain/gcc-arm-none-eabi-9-2019-q4-major-x86_64-linux/gcc-arm-none-eabi-9-2019-q4-major/bin/../lib/gcc/arm-none-eabi/9.2.1/../../../../arm-none-eabi/lib/thumb/v7e-m/nofp/libc_nano.a(lib_a-malloc.o)
[...]
Memory Configuration

Name             Origin             Length             Attributes
RAM              0x0000000020000000 0x0000000000004000 xrw
FLASH            0x0000000008000000 0x0000000000008000 xr
*default*        0x0000000000000000 0xffffffffffffffff

Linker script and memory map

LOAD /home/mehdi/ARMToolChain/gcc-arm-none-eabi-9-2019-q4-major-x86_64-linux/gcc-arm-none-eabi-9-2019-q4-major/bin/../lib/gcc/arm-none-eabi/9.2.1/thumb/v7e-m/nofp/crti.o
LOAD /home/mehdi/ARMToolChain/gcc-arm-none-eabi-9-2019-q4-major-x86_64-linux/gcc-arm-none-eabi-9-2019-q4-major/bin/../lib/gcc/arm-none-eabi/9.2.1/thumb/v7e-m/nofp/crtbegin.o
LOAD /home/mehdi/ARMToolChain/gcc-arm-none-eabi-9-2019-q4-major-x86_64-linux/gcc-arm-none-eabi-9-2019-q4-major/bin/../lib/gcc/arm-none-eabi/9.2.1/../../../../arm-none-eabi/lib/thumb/v7e-m/nofp/crt0.o
LOAD CMakeFiles/first_hello_world_STM32F301x6.elf.dir/helloWorld.cpp.obj
LOAD /home/mehdi/ARMToolChain/gcc-arm-none-eabi-9-2019-q4-major-x86_64-linux/gcc-arm-none-eabi-9-2019-q4-major/bin/../lib/gcc/arm-none-eabi/9.2.1/../../../../arm-none-eabi/lib/thumb/v7e-m/nofp/libnosys.a
LOAD /home/mehdi/ARMToolChain/gcc-arm-none-eabi-9-2019-q4-major-x86_64-linux/gcc-arm-none-eabi-9-2019-q4-major/bin/../lib/gcc/arm-none-eabi/9.2.1/../../../../arm-none-eabi/lib/thumb/v7e-m/nofp/libstdc++_nano.a
LOAD /home/mehdi/ARMToolChain/gcc-arm-none-eabi-9-2019-q4-major-x86_64-linux/gcc-arm-none-eabi-9-2019-q4-major/bin/../lib/gcc/arm-none-eabi/9.2.1/../../../../arm-none-eabi/lib/thumb/v7e-m/nofp/libm.a
LOAD /home/mehdi/ARMToolChain/gcc-arm-none-eabi-9-2019-q4-major-x86_64-linux/gcc-arm-none-eabi-9-2019-q4-major/bin/../lib/gcc/arm-none-eabi/9.2.1/../../../../arm-none-eabi/lib/thumb/v7e-m/nofp/libc_nano.a
START GROUP
LOAD /home/mehdi/ARMToolChain/gcc-arm-none-eabi-9-2019-q4-major-x86_64-linux/gcc-arm-none-eabi-9-2019-q4-major/bin/../lib/gcc/arm-none-eabi/9.2.1/thumb/v7e-m/nofp/libgcc.a
LOAD /home/mehdi/ARMToolChain/gcc-arm-none-eabi-9-2019-q4-major-x86_64-linux/gcc-arm-none-eabi-9-2019-q4-major/bin/../lib/gcc/arm-none-eabi/9.2.1/../../../../arm-none-eabi/lib/thumb/v7e-m/nofp/libc_nano.a
END GROUP
START GROUP
LOAD /home/mehdi/ARMToolChain/gcc-arm-none-eabi-9-2019-q4-major-x86_64-linux/gcc-arm-none-eabi-9-2019-q4-major/bin/../lib/gcc/arm-none-eabi/9.2.1/thumb/v7e-m/nofp/libgcc.a
LOAD /home/mehdi/ARMToolChain/gcc-arm-none-eabi-9-2019-q4-major-x86_64-linux/gcc-arm-none-eabi-9-2019-q4-major/bin/../lib/gcc/arm-none-eabi/9.2.1/../../../../arm-none-eabi/lib/thumb/v7e-m/nofp/libc_nano.a
END GROUP
LOAD /home/mehdi/ARMToolChain/gcc-arm-none-eabi-9-2019-q4-major-x86_64-linux/gcc-arm-none-eabi-9-2019-q4-major/bin/../lib/gcc/arm-none-eabi/9.2.1/thumb/v7e-m/nofp/crtend.o
LOAD /home/mehdi/ARMToolChain/gcc-arm-none-eabi-9-2019-q4-major-x86_64-linux/gcc-arm-none-eabi-9-2019-q4-major/bin/../lib/gcc/arm-none-eabi/9.2.1/thumb/v7e-m/nofp/crtn.o
                0x0000000020004000                _estack = 0x20004000
                0x0000000000000200                _Min_Heap_Size = 0x200
                0x0000000000000400                _Min_Stack_Size = 0x400

.isr_vector     0x0000000008000000        0x0
                0x0000000008000000                . = ALIGN (0x4)
 *(.isr_vector)
                0x0000000008000000                . = ALIGN (0x4)

.text           0x0000000008000000       0x58
                0x0000000008000000                . = ALIGN (0x4)
 *(.text)
 .text          0x0000000008000000       0x40 /home/mehdi/ARMToolChain/gcc-arm-none-eabi-9-2019-q4-major-x86_64-linux/gcc-arm-none-eabi-9-2019-q4-major/bin/../lib/gcc/arm-none-eabi/9.2.1/thumb/v7e-m/nofp/crtbegin.o
 *(.text*)
 *(.glue_7)
 .glue_7        0x0000000008000040        0x0 linker stubs
 *(.glue_7t)
 .glue_7t       0x0000000008000040        0x0 linker stubs
 *(.eh_frame)
 .eh_frame      0x0000000008000040        0x0 /home/mehdi/ARMToolChain/gcc-arm-none-eabi-9-2019-q4-major-x86_64-linux/gcc-arm-none-eabi-9-2019-q4-major/bin/../lib/gcc/arm-none-eabi/9.2.1/thumb/v7e-m/nofp/crtbegin.o
 *(.init)
 .init          0x0000000008000040        0x4 /home/mehdi/ARMToolChain/gcc-arm-none-eabi-9-2019-q4-major-x86_64-linux/gcc-arm-none-eabi-9-2019-q4-major/bin/../lib/gcc/arm-none-eabi/9.2.1/thumb/v7e-m/nofp/crti.o
                0x0000000008000040                _init
 .init          0x0000000008000044        0x8 /home/mehdi/ARMToolChain/gcc-arm-none-eabi-9-2019-q4-major-x86_64-linux/gcc-arm-none-eabi-9-2019-q4-major/bin/../lib/gcc/arm-none-eabi/9.2.1/thumb/v7e-m/nofp/crtn.o
 *(.fini)
 .fini          0x000000000800004c        0x4 /home/mehdi/ARMToolChain/gcc-arm-none-eabi-9-2019-q4-major-x86_64-linux/gcc-arm-none-eabi-9-2019-q4-major/bin/../lib/gcc/arm-none-eabi/9.2.1/thumb/v7e-m/nofp/crti.o
                0x000000000800004c                _fini
 .fini          0x0000000008000050        0x8 /home/mehdi/ARMToolChain/gcc-arm-none-eabi-9-2019-q4-major-x86_64-linux/gcc-arm-none-eabi-9-2019-q4-major/bin/../lib/gcc/arm-none-eabi/9.2.1/thumb/v7e-m/nofp/crtn.o
                0x0000000008000058                . = ALIGN (0x4)
                0x0000000008000058                _etext = .

.vfp11_veneer   0x0000000008000058        0x0
 .vfp11_veneer  0x0000000008000058        0x0 linker stubs

.v4_bx          0x0000000008000058        0x0
 .v4_bx         0x0000000008000058        0x0 linker stubs

.iplt           0x0000000008000058        0x0
 .iplt          0x0000000008000058        0x0 /home/mehdi/ARMToolChain/gcc-arm-none-eabi-9-2019-q4-major-x86_64-linux/gcc-arm-none-eabi-9-2019-q4-major/bin/../lib/gcc/arm-none-eabi/9.2.1/thumb/v7e-m/nofp/crtbegin.o

.rel.dyn        0x0000000008000058        0x0
 .rel.iplt      0x0000000008000058        0x0 /home/mehdi/ARMToolChain/gcc-arm-none-eabi-9-2019-q4-major-x86_64-linux/gcc-arm-none-eabi-9-2019-q4-major/bin/../lib/gcc/arm-none-eabi/9.2.1/thumb/v7e-m/nofp/crtbegin.o

.rodata         0x0000000008000058        0x0
                0x0000000008000058                . = ALIGN (0x4)
 *(.rodata)
 *(.rodata*)
                0x0000000008000058                . = ALIGN (0x4)

.ARM.extab
 *(.ARM.extab* .gnu.linkonce.armextab.*)

.ARM            0x0000000008000058        0x0
                0x0000000008000058                __exidx_start = .
 *(.ARM.exidx*)
                0x0000000008000058                __exidx_end = .

.preinit_array  0x0000000008000058        0x0
                0x0000000008000058                PROVIDE (__preinit_array_start = .)
 *(.preinit_array*)
                0x0000000008000058                PROVIDE (__preinit_array_end = .)

.init_array     0x0000000008000058        0x4
                0x0000000008000058                PROVIDE (__init_array_start = .)
 *(SORT_BY_NAME(.init_array.*))
 *(.init_array*)
 .init_array    0x0000000008000058        0x4 /home/mehdi/ARMToolChain/gcc-arm-none-eabi-9-2019-q4-major-x86_64-linux/gcc-arm-none-eabi-9-2019-q4-major/bin/../lib/gcc/arm-none-eabi/9.2.1/thumb/v7e-m/nofp/crtbegin.o
                0x000000000800005c                PROVIDE (__init_array_end = .)

.fini_array     0x000000000800005c        0x4
                [!provide]                        PROVIDE (__fini_array_start = .)
 *(SORT_BY_NAME(.fini_array.*))
 *(.fini_array*)
 .fini_array    0x000000000800005c        0x4 /home/mehdi/ARMToolChain/gcc-arm-none-eabi-9-2019-q4-major-x86_64-linux/gcc-arm-none-eabi-9-2019-q4-major/bin/../lib/gcc/arm-none-eabi/9.2.1/thumb/v7e-m/nofp/crtbegin.o
                [!provide]                        PROVIDE (__fini_array_end = .)
                0x0000000008000060                _sidata = LOADADDR (.data)

.data           0x0000000020000000        0x0 load address 0x0000000008000060
                0x0000000020000000                . = ALIGN (0x4)
                0x0000000020000000                _sdata = .
 *(.data)
 *(.data*)
                0x0000000020000000                . = ALIGN (0x4)
                0x0000000020000000                _edata = .

.igot.plt       0x0000000020000000        0x0 load address 0x0000000008000060
 .igot.plt      0x0000000020000000        0x0 /home/mehdi/ARMToolChain/gcc-arm-none-eabi-9-2019-q4-major-x86_64-linux/gcc-arm-none-eabi-9-2019-q4-major/bin/../lib/gcc/arm-none-eabi/9.2.1/thumb/v7e-m/nofp/crtbegin.o
                0x0000000020000000                . = ALIGN (0x4)

.bss            0x0000000020000000       0x1c load address 0x0000000008000060
                0x0000000020000000                _sbss = .
                0x0000000020000000                __bss_start__ = _sbss
 *(.bss)
 .bss           0x0000000020000000       0x1c /home/mehdi/ARMToolChain/gcc-arm-none-eabi-9-2019-q4-major-x86_64-linux/gcc-arm-none-eabi-9-2019-q4-major/bin/../lib/gcc/arm-none-eabi/9.2.1/thumb/v7e-m/nofp/crtbegin.o
 *(.bss*)
 *(COMMON)
                0x000000002000001c                . = ALIGN (0x4)
                0x000000002000001c                _ebss = .
                0x000000002000001c                __bss_end__ = _ebss

._user_heap_stack
                0x000000002000001c      0x604 load address 0x0000000008000060
                0x0000000020000020                . = ALIGN (0x8)
 *fill*         0x000000002000001c        0x4 
                [!provide]                        PROVIDE (end = .)
                [!provide]                        PROVIDE (_end = .)
                0x0000000020000220                . = (. + _Min_Heap_Size)
 *fill*         0x0000000020000020      0x200 
                0x0000000020000620                . = (. + _Min_Stack_Size)
 *fill*         0x0000000020000220      0x400 
                0x0000000020000620                . = ALIGN (0x8)

/DISCARD/
 libc.a(*)
 libm.a(*)
 libgcc.a(*)

.ARM.attributes
                0x0000000000000000       0x2a
 *(.ARM.attributes)
 .ARM.attributes
                0x0000000000000000       0x1e /home/mehdi/ARMToolChain/gcc-arm-none-eabi-9-2019-q4-major-x86_64-linux/gcc-arm-none-eabi-9-2019-q4-major/bin/../lib/gcc/arm-none-eabi/9.2.1/thumb/v7e-m/nofp/crti.o
 .ARM.attributes
                0x000000000000001e       0x2e /home/mehdi/ARMToolChain/gcc-arm-none-eabi-9-2019-q4-major-x86_64-linux/gcc-arm-none-eabi-9-2019-q4-major/bin/../lib/gcc/arm-none-eabi/9.2.1/thumb/v7e-m/nofp/crtbegin.o
 .ARM.attributes
                0x000000000000004c       0x1e /home/mehdi/ARMToolChain/gcc-arm-none-eabi-9-2019-q4-major-x86_64-linux/gcc-arm-none-eabi-9-2019-q4-major/bin/../lib/gcc/arm-none-eabi/9.2.1/thumb/v7e-m/nofp/crtn.o
OUTPUT(first_hello_world_STM32F301x6.elf elf32-littlearm)

Cross Reference Table

Symbol                                            File
_Unwind_Backtrace                                 /home/mehdi/ARMToolChain/gcc-arm-none-eabi-9-2019-q4-major-x86_64-linux/gcc-arm-none-eabi-9-2019-q4-major/bin/../lib/gcc/arm-none-eabi/9.2.1/thumb/v7e-m/nofp/libgcc.a(libunwind.o)
_Unwind_Complete                                  /home/mehdi/ARMToolChain/gcc-arm-none-eabi-9-2019-q4-major-x86_64-linux/gcc-arm-none-eabi-9-2019-q4-major/bin/../lib/gcc/arm-none-eabi/9.2.1/thumb/v7e-m/nofp/libgcc.a(unwind-arm.o)
_Unwind_DeleteException                           /home/mehdi/ARMToolChain/gcc-arm-none-eabi-9-2019-q4-major-x86_64-linux/gcc-arm-none-eabi-9-2019-q4-major/bin/../lib/gcc/arm-none-eabi/9.2.1/thumb/v7e-m/nofp/libgcc.a(unwind-arm.o)
_Unwind_ForcedUnwind                              /home/mehdi/ARMToolChain/gcc-arm-none-eabi-9-2019-q4-major-x86_64-linux/gcc-arm-none-eabi-9-2019-q4-major/bin/../lib/gcc/arm-none-eabi/9.2.1/thumb/v7e-m/nofp/libgcc.a(libunwind.o)
_Unwind_GetCFA                                    /home/mehdi/ARMToolChain/gcc-arm-none-eabi-9-2019-q4-major-x86_64-linux/gcc-arm-none-eabi-9-2019-q4-major/bin/../lib/gcc/arm-none-eabi/9.2.1/thumb/v7e-m/nofp/libgcc.a(unwind-arm.o)
_Unwind_GetDataRelBase                            /home/mehdi/ARMToolChain/gcc-arm-none-eabi-9-2019-q4-major-x86_64-linux/gcc-arm-none-eabi-9-2019-q4-major/bin/../lib/gcc/arm-none-eabi/9.2.1/thumb/v7e-m/nofp/libgcc.a(pr-support.o)
_Unwind_GetLanguageSpecificData                   /home/mehdi/ARMToolChain/gcc-arm-none-eabi-9-2019-q4-major-x86_64-linux/gcc-arm-none-eabi-9-2019-q4-major/bin/../lib/gcc/arm-none-eabi/9.2.1/thumb/v7e-m/nofp/libgcc.a(pr-support.o)
_Unwind_GetRegionStart                            /home/mehdi/ARMToolChain/gcc-arm-none-eabi-9-2019-q4-major-x86_64-linux/gcc-arm-none-eabi-9-2019-q4-major/bin/../lib/gcc/arm-none-eabi/9.2.1/thumb/v7e-m/nofp/libgcc.a(pr-support.o)
_Unwind_GetTextRelBase                            /home/mehdi/ARMToolChain/gcc-arm-none-eabi-9-2019-q4-major-x86_64-linux/gcc-arm-none-eabi-9-2019-q4-major/bin/../lib/gcc/arm-none-eabi/9.2.1/thumb/v7e-m/nofp/libgcc.a(pr-support.o)
_Unwind_RaiseException                            /home/mehdi/ARMToolChain/gcc-arm-none-eabi-9-2019-q4-major-x86_64-linux/gcc-arm-none-eabi-9-2019-q4-major/bin/../lib/gcc/arm-none-eabi/9.2.1/thumb/v7e-m/nofp/libgcc.a(libunwind.o)
_Unwind_Resume                                    /home/mehdi/ARMToolChain/gcc-arm-none-eabi-9-2019-q4-major-x86_64-linux/gcc-arm-none-eabi-9-2019-q4-major/bin/../lib/gcc/arm-none-eabi/9.2.1/thumb/v7e-m/nofp/libgcc.a(libunwind.o)
_Unwind_Resume_or_Rethrow                         /home/mehdi/ARMToolChain/gcc-arm-none-eabi-9-2019-q4-major-x86_64-linux/gcc-arm-none-eabi-9-2019-q4-major/bin/../lib/gcc/arm-none-eabi/9.2.1/thumb/v7e-m/nofp/libgcc.a(libunwind.o)
_Unwind_VRS_Get                                   /home/mehdi/ARMToolChain/gcc-arm-none-eabi-9-2019-q4-major-x86_64-linux/gcc-arm-none-eabi-9-2019-q4-major/bin/../lib/gcc/arm-none-eabi/9.2.1/thumb/v7e-m/nofp/libgcc.a(unwind-arm.o)
                                                  /home/mehdi/ARMToolChain/gcc-arm-none-eabi-9-2019-q4-major-x86_64-linux/gcc-arm-none-eabi-9-2019-q4-major/bin/../lib/gcc/arm-none-eabi/9.2.1/thumb/v7e-m/nofp/libgcc.a(pr-support.o)
_Unwind_VRS_Pop                                   /home/mehdi/ARMToolChain/gcc-arm-none-eabi-9-2019-q4-major-x86_64-linux/gcc-arm-none-eabi-9-2019-q4-major/bin/../lib/gcc/arm-none-eabi/9.2.1/thumb/v7e-m/nofp/libgcc.a(unwind-arm.o)
                                                  /home/mehdi/ARMToolChain/gcc-arm-none-eabi-9-2019-q4-major-x86_64-linux/gcc-arm-none-eabi-9-2019-q4-major/bin/../lib/gcc/arm-none-eabi/9.2.1/thumb/v7e-m/nofp/libgcc.a(pr-support.o)
_Unwind_VRS_Set                                   /home/mehdi/ARMToolChain/gcc-arm-none-eabi-9-2019-q4-major-x86_64-linux/gcc-arm-none-eabi-9-2019-q4-major/bin/../lib/gcc/arm-none-eabi/9.2.1/thumb/v7e-m/nofp/libgcc.a(unwind-arm.o)
                                                  /home/mehdi/ARMToolChain/gcc-arm-none-eabi-9-2019-q4-major-x86_64-linux/gcc-arm-none-eabi-9-2019-q4-major/bin/../lib/gcc/arm-none-eabi/9.2.1/thumb/v7e-m/nofp/libgcc.a(pr-support.o)
___Unwind_Backtrace                               /home/mehdi/ARMToolChain/gcc-arm-none-eabi-9-2019-q4-major-x86_64-linux/gcc-arm-none-eabi-9-2019-q4-major/bin/../lib/gcc/arm-none-eabi/9.2.1/thumb/v7e-m/nofp/libgcc.a(libunwind.o)
___Unwind_ForcedUnwind                            /home/mehdi/ARMToolChain/gcc-arm-none-eabi-9-2019-q4-major-x86_64-linux/gcc-arm-none-eabi-9-2019-q4-major/bin/../lib/gcc/arm-none-eabi/9.2.1/thumb/v7e-m/nofp/libgcc.a(libunwind.o)
___Unwind_RaiseException                          /home/mehdi/ARMToolChain/gcc-arm-none-eabi-9-2019-q4-major-x86_64-linux/gcc-arm-none-eabi-9-2019-q4-major/bin/../lib/gcc/arm-none-eabi/9.2.1/thumb/v7e-m/nofp/libgcc.a(libunwind.o)
___Unwind_Resume                                  /home/mehdi/ARMToolChain/gcc-arm-none-eabi-9-2019-q4-major-x86_64-linux/gcc-arm-none-eabi-9-2019-q4-major/bin/../lib/gcc/arm-none-eabi/9.2.1/thumb/v7e-m/nofp/libgcc.a(libunwind.o)
___Unwind_Resume_or_Rethrow                       /home/mehdi/ARMToolChain/gcc-arm-none-eabi-9-2019-q4-major-x86_64-linux/gcc-arm-none-eabi-9-2019-q4-major/bin/../lib/gcc/arm-none-eabi/9.2.1/thumb/v7e-m/nofp/libgcc.a(libunwind.o)
__aeabi_unwind_cpp_pr0                            /home/mehdi/ARMToolChain/gcc-arm-none-eabi-9-2019-q4-major-x86_64-linux/gcc-arm-none-eabi-9-2019-q4-major/bin/../lib/gcc/arm-none-eabi/9.2.1/thumb/v7e-m/nofp/libgcc.a(unwind-arm.o)
                                                  /home/mehdi/ARMToolChain/gcc-arm-none-eabi-9-2019-q4-major-x86_64-linux/gcc-arm-none-eabi-9-2019-q4-major/bin/../lib/gcc/arm-none-eabi/9.2.1/thumb/v7e-m/nofp/libgcc.a(pr-support.o)
                                                  CMakeFiles/first_hello_world_STM32F301x6.elf.dir/helloWorld.cpp.obj
__aeabi_unwind_cpp_pr1                            /home/mehdi/ARMToolChain/gcc-arm-none-eabi-9-2019-q4-major-x86_64-linux/gcc-arm-none-eabi-9-2019-q4-major/bin/../lib/gcc/arm-none-eabi/9.2.1/thumb/v7e-m/nofp/libgcc.a(unwind-arm.o)
                                                  /home/mehdi/ARMToolChain/gcc-arm-none-eabi-9-2019-q4-major-x86_64-linux/gcc-arm-none-eabi-9-2019-q4-major/bin/../lib/gcc/arm-none-eabi/9.2.1/thumb/v7e-m/nofp/libgcc.a(pr-support.o)
__aeabi_unwind_cpp_pr2                            /home/mehdi/ARMToolChain/gcc-arm-none-eabi-9-2019-q4-major-x86_64-linux/gcc-arm-none-eabi-9-2019-q4-major/bin/../lib/gcc/arm-none-eabi/9.2.1/thumb/v7e-m/nofp/libgcc.a(unwind-arm.o)
__bss_end__                                       /home/mehdi/ARMToolChain/gcc-arm-none-eabi-9-2019-q4-major-x86_64-linux/gcc-arm-none-eabi-9-2019-q4-major/bin/../lib/gcc/arm-none-eabi/9.2.1/../../../../arm-none-eabi/lib/thumb/v7e-m/nofp/crt0.o
__bss_start__                                     /home/mehdi/ARMToolChain/gcc-arm-none-eabi-9-2019-q4-major-x86_64-linux/gcc-arm-none-eabi-9-2019-q4-major/bin/../lib/gcc/arm-none-eabi/9.2.1/../../../../arm-none-eabi/lib/thumb/v7e-m/nofp/crt0.o
__call_exitprocs                                  /home/mehdi/ARMToolChain/gcc-arm-none-eabi-9-2019-q4-major-x86_64-linux/gcc-arm-none-eabi-9-2019-q4-major/bin/../lib/gcc/arm-none-eabi/9.2.1/../../../../arm-none-eabi/lib/thumb/v7e-m/nofp/libc_nano.a(lib_a-exit.o)
__cxa_begin_cleanup                               /home/mehdi/ARMToolChain/gcc-arm-none-eabi-9-2019-q4-major-x86_64-linux/gcc-arm-none-eabi-9-2019-q4-major/bin/../lib/gcc/arm-none-eabi/9.2.1/thumb/v7e-m/nofp/libgcc.a(unwind-arm.o)
__cxa_call_unexpected                             /home/mehdi/ARMToolChain/gcc-arm-none-eabi-9-2019-q4-major-x86_64-linux/gcc-arm-none-eabi-9-2019-q4-major/bin/../lib/gcc/arm-none-eabi/9.2.1/thumb/v7e-m/nofp/libgcc.a(unwind-arm.o)
__cxa_type_match                                  /home/mehdi/ARMToolChain/gcc-arm-none-eabi-9-2019-q4-major-x86_64-linux/gcc-arm-none-eabi-9-2019-q4-major/bin/../lib/gcc/arm-none-eabi/9.2.1/thumb/v7e-m/nofp/libgcc.a(unwind-arm.o)
__deregister_frame_info                           /home/mehdi/ARMToolChain/gcc-arm-none-eabi-9-2019-q4-major-x86_64-linux/gcc-arm-none-eabi-9-2019-q4-major/bin/../lib/gcc/arm-none-eabi/9.2.1/thumb/v7e-m/nofp/crtbegin.o
__dso_handle                                      /home/mehdi/ARMToolChain/gcc-arm-none-eabi-9-2019-q4-major-x86_64-linux/gcc-arm-none-eabi-9-2019-q4-major/bin/../lib/gcc/arm-none-eabi/9.2.1/thumb/v7e-m/nofp/crtbegin.o
__exidx_end                                       /home/mehdi/ARMToolChain/gcc-arm-none-eabi-9-2019-q4-major-x86_64-linux/gcc-arm-none-eabi-9-2019-q4-major/bin/../lib/gcc/arm-none-eabi/9.2.1/thumb/v7e-m/nofp/libgcc.a(unwind-arm.o)
__exidx_start                                     /home/mehdi/ARMToolChain/gcc-arm-none-eabi-9-2019-q4-major-x86_64-linux/gcc-arm-none-eabi-9-2019-q4-major/bin/../lib/gcc/arm-none-eabi/9.2.1/thumb/v7e-m/nofp/libgcc.a(unwind-arm.o)
__gnu_Unwind_Backtrace                            /home/mehdi/ARMToolChain/gcc-arm-none-eabi-9-2019-q4-major-x86_64-linux/gcc-arm-none-eabi-9-2019-q4-major/bin/../lib/gcc/arm-none-eabi/9.2.1/thumb/v7e-m/nofp/libgcc.a(unwind-arm.o)
                                                  /home/mehdi/ARMToolChain/gcc-arm-none-eabi-9-2019-q4-major-x86_64-linux/gcc-arm-none-eabi-9-2019-q4-major/bin/../lib/gcc/arm-none-eabi/9.2.1/thumb/v7e-m/nofp/libgcc.a(libunwind.o)
__gnu_Unwind_Find_exidx                           /home/mehdi/ARMToolChain/gcc-arm-none-eabi-9-2019-q4-major-x86_64-linux/gcc-arm-none-eabi-9-2019-q4-major/bin/../lib/gcc/arm-none-eabi/9.2.1/thumb/v7e-m/nofp/libgcc.a(unwind-arm.o)
__gnu_Unwind_ForcedUnwind                         /home/mehdi/ARMToolChain/gcc-arm-none-eabi-9-2019-q4-major-x86_64-linux/gcc-arm-none-eabi-9-2019-q4-major/bin/../lib/gcc/arm-none-eabi/9.2.1/thumb/v7e-m/nofp/libgcc.a(unwind-arm.o)
                                                  /home/mehdi/ARMToolChain/gcc-arm-none-eabi-9-2019-q4-major-x86_64-linux/gcc-arm-none-eabi-9-2019-q4-major/bin/../lib/gcc/arm-none-eabi/9.2.1/thumb/v7e-m/nofp/libgcc.a(libunwind.o)
__gnu_Unwind_RaiseException                       /home/mehdi/ARMToolChain/gcc-arm-none-eabi-9-2019-q4-major-x86_64-linux/gcc-arm-none-eabi-9-2019-q4-major/bin/../lib/gcc/arm-none-eabi/9.2.1/thumb/v7e-m/nofp/libgcc.a(unwind-arm.o)
                                                  /home/mehdi/ARMToolChain/gcc-arm-none-eabi-9-2019-q4-major-x86_64-linux/gcc-arm-none-eabi-9-2019-q4-major/bin/../lib/gcc/arm-none-eabi/9.2.1/thumb/v7e-m/nofp/libgcc.a(libunwind.o)
__gnu_Unwind_Restore_VFP                          /home/mehdi/ARMToolChain/gcc-arm-none-eabi-9-2019-q4-major-x86_64-linux/gcc-arm-none-eabi-9-2019-q4-major/bin/../lib/gcc/arm-none-eabi/9.2.1/thumb/v7e-m/nofp/libgcc.a(libunwind.o)
                                                  /home/mehdi/ARMToolChain/gcc-arm-none-eabi-9-2019-q4-major-x86_64-linux/gcc-arm-none-eabi-9-2019-q4-major/bin/../lib/gcc/arm-none-eabi/9.2.1/thumb/v7e-m/nofp/libgcc.a(unwind-arm.o)
__gnu_Unwind_Restore_VFP_D                        /home/mehdi/ARMToolChain/gcc-arm-none-eabi-9-2019-q4-major-x86_64-linux/gcc-arm-none-eabi-9-2019-q4-major/bin/../lib/gcc/arm-none-eabi/9.2.1/thumb/v7e-m/nofp/libgcc.a(libunwind.o)
                                                  /home/mehdi/ARMToolChain/gcc-arm-none-eabi-9-2019-q4-major-x86_64-linux/gcc-arm-none-eabi-9-2019-q4-major/bin/../lib/gcc/arm-none-eabi/9.2.1/thumb/v7e-m/nofp/libgcc.a(unwind-arm.o)
__gnu_Unwind_Restore_VFP_D_16_to_31               /home/mehdi/ARMToolChain/gcc-arm-none-eabi-9-2019-q4-major-x86_64-linux/gcc-arm-none-eabi-9-2019-q4-major/bin/../lib/gcc/arm-none-eabi/9.2.1/thumb/v7e-m/nofp/libgcc.a(libunwind.o)
                                                  /home/mehdi/ARMToolChain/gcc-arm-none-eabi-9-2019-q4-major-x86_64-linux/gcc-arm-none-eabi-9-2019-q4-major/bin/../lib/gcc/arm-none-eabi/9.2.1/thumb/v7e-m/nofp/libgcc.a(unwind-arm.o)
__gnu_Unwind_Restore_WMMXC                        /home/mehdi/ARMToolChain/gcc-arm-none-eabi-9-2019-q4-major-x86_64-linux/gcc-arm-none-eabi-9-2019-q4-major/bin/../lib/gcc/arm-none-eabi/9.2.1/thumb/v7e-m/nofp/libgcc.a(libunwind.o)
                                                  /home/mehdi/ARMToolChain/gcc-arm-none-eabi-9-2019-q4-major-x86_64-linux/gcc-arm-none-eabi-9-2019-q4-major/bin/../lib/gcc/arm-none-eabi/9.2.1/thumb/v7e-m/nofp/libgcc.a(unwind-arm.o)
__gnu_Unwind_Restore_WMMXD                        /home/mehdi/ARMToolChain/gcc-arm-none-eabi-9-2019-q4-major-x86_64-linux/gcc-arm-none-eabi-9-2019-q4-major/bin/../lib/gcc/arm-none-eabi/9.2.1/thumb/v7e-m/nofp/libgcc.a(libunwind.o)
                                                  /home/mehdi/ARMToolChain/gcc-arm-none-eabi-9-2019-q4-major-x86_64-linux/gcc-arm-none-eabi-9-2019-q4-major/bin/../lib/gcc/arm-none-eabi/9.2.1/thumb/v7e-m/nofp/libgcc.a(unwind-arm.o)
__gnu_Unwind_Resume                               /home/mehdi/ARMToolChain/gcc-arm-none-eabi-9-2019-q4-major-x86_64-linux/gcc-arm-none-eabi-9-2019-q4-major/bin/../lib/gcc/arm-none-eabi/9.2.1/thumb/v7e-m/nofp/libgcc.a(unwind-arm.o)
                                                  /home/mehdi/ARMToolChain/gcc-arm-none-eabi-9-2019-q4-major-x86_64-linux/gcc-arm-none-eabi-9-2019-q4-major/bin/../lib/gcc/arm-none-eabi/9.2.1/thumb/v7e-m/nofp/libgcc.a(libunwind.o)
__gnu_Unwind_Resume_or_Rethrow                    /home/mehdi/ARMToolChain/gcc-arm-none-eabi-9-2019-q4-major-x86_64-linux/gcc-arm-none-eabi-9-2019-q4-major/bin/../lib/gcc/arm-none-eabi/9.2.1/thumb/v7e-m/nofp/libgcc.a(unwind-arm.o)
                                                  /home/mehdi/ARMToolChain/gcc-arm-none-eabi-9-2019-q4-major-x86_64-linux/gcc-arm-none-eabi-9-2019-q4-major/bin/../lib/gcc/arm-none-eabi/9.2.1/thumb/v7e-m/nofp/libgcc.a(libunwind.o)
__gnu_Unwind_Save_VFP                             /home/mehdi/ARMToolChain/gcc-arm-none-eabi-9-2019-q4-major-x86_64-linux/gcc-arm-none-eabi-9-2019-q4-major/bin/../lib/gcc/arm-none-eabi/9.2.1/thumb/v7e-m/nofp/libgcc.a(libunwind.o)
                                                  /home/mehdi/ARMToolChain/gcc-arm-none-eabi-9-2019-q4-major-x86_64-linux/gcc-arm-none-eabi-9-2019-q4-major/bin/../lib/gcc/arm-none-eabi/9.2.1/thumb/v7e-m/nofp/libgcc.a(unwind-arm.o)
__gnu_Unwind_Save_VFP_D                           /home/mehdi/ARMToolChain/gcc-arm-none-eabi-9-2019-q4-major-x86_64-linux/gcc-arm-none-eabi-9-2019-q4-major/bin/../lib/gcc/arm-none-eabi/9.2.1/thumb/v7e-m/nofp/libgcc.a(libunwind.o)
                                                  /home/mehdi/ARMToolChain/gcc-arm-none-eabi-9-2019-q4-major-x86_64-linux/gcc-arm-none-eabi-9-2019-q4-major/bin/../lib/gcc/arm-none-eabi/9.2.1/thumb/v7e-m/nofp/libgcc.a(unwind-arm.o)
__gnu_Unwind_Save_VFP_D_16_to_31                  /home/mehdi/ARMToolChain/gcc-arm-none-eabi-9-2019-q4-major-x86_64-linux/gcc-arm-none-eabi-9-2019-q4-major/bin/../lib/gcc/arm-none-eabi/9.2.1/thumb/v7e-m/nofp/libgcc.a(libunwind.o)
                                                  /home/mehdi/ARMToolChain/gcc-arm-none-eabi-9-2019-q4-major-x86_64-linux/gcc-arm-none-eabi-9-2019-q4-major/bin/../lib/gcc/arm-none-eabi/9.2.1/thumb/v7e-m/nofp/libgcc.a(unwind-arm.o)
__gnu_Unwind_Save_WMMXC                           /home/mehdi/ARMToolChain/gcc-arm-none-eabi-9-2019-q4-major-x86_64-linux/gcc-arm-none-eabi-9-2019-q4-major/bin/../lib/gcc/arm-none-eabi/9.2.1/thumb/v7e-m/nofp/libgcc.a(libunwind.o)
                                                  /home/mehdi/ARMToolChain/gcc-arm-none-eabi-9-2019-q4-major-x86_64-linux/gcc-arm-none-eabi-9-2019-q4-major/bin/../lib/gcc/arm-none-eabi/9.2.1/thumb/v7e-m/nofp/libgcc.a(unwind-arm.o)
__gnu_Unwind_Save_WMMXD                           /home/mehdi/ARMToolChain/gcc-arm-none-eabi-9-2019-q4-major-x86_64-linux/gcc-arm-none-eabi-9-2019-q4-major/bin/../lib/gcc/arm-none-eabi/9.2.1/thumb/v7e-m/nofp/libgcc.a(libunwind.o)
                                                  /home/mehdi/ARMToolChain/gcc-arm-none-eabi-9-2019-q4-major-x86_64-linux/gcc-arm-none-eabi-9-2019-q4-major/bin/../lib/gcc/arm-none-eabi/9.2.1/thumb/v7e-m/nofp/libgcc.a(unwind-arm.o)
__gnu_cxx::__concat_size_t(char*, unsigned int, unsigned int) /home/mehdi/ARMToolChain/gcc-arm-none-eabi-9-2019-q4-major-x86_64-linux/gcc-arm-none-eabi-9-2019-q4-major/bin/../lib/gcc/arm-none-eabi/9.2.1/../../../../arm-none-eabi/lib/thumb/v7e-m/nofp/libstdc++_nano.a(snprintf_lite.o)
__gnu_cxx::__snprintf_lite(char*, unsigned int, char const*, std::__va_list) /home/mehdi/ARMToolChain/gcc-arm-none-eabi-9-2019-q4-major-x86_64-linux/gcc-arm-none-eabi-9-2019-q4-major/bin/../lib/gcc/arm-none-eabi/9.2.1/../../../../arm-none-eabi/lib/thumb/v7e-m/nofp/libstdc++_nano.a(snprintf_lite.o)
                                                  /home/mehdi/ARMToolChain/gcc-arm-none-eabi-9-2019-q4-major-x86_64-linux/gcc-arm-none-eabi-9-2019-q4-major/bin/../lib/gcc/arm-none-eabi/9.2.1/../../../../arm-none-eabi/lib/thumb/v7e-m/nofp/libstdc++_nano.a(functexcept.o)
__gnu_cxx::__throw_insufficient_space(char const*, char const*) /home/mehdi/ARMToolChain/gcc-arm-none-eabi-9-2019-q4-major-x86_64-linux/gcc-arm-none-eabi-9-2019-q4-major/bin/../lib/gcc/arm-none-eabi/9.2.1/../../../../arm-none-eabi/lib/thumb/v7e-m/nofp/libstdc++_nano.a(snprintf_lite.o)
__gnu_unwind_execute                              /home/mehdi/ARMToolChain/gcc-arm-none-eabi-9-2019-q4-major-x86_64-linux/gcc-arm-none-eabi-9-2019-q4-major/bin/../lib/gcc/arm-none-eabi/9.2.1/thumb/v7e-m/nofp/libgcc.a(pr-support.o)
                                                  /home/mehdi/ARMToolChain/gcc-arm-none-eabi-9-2019-q4-major-x86_64-linux/gcc-arm-none-eabi-9-2019-q4-major/bin/../lib/gcc/arm-none-eabi/9.2.1/thumb/v7e-m/nofp/libgcc.a(unwind-arm.o)
__gnu_unwind_frame                                /home/mehdi/ARMToolChain/gcc-arm-none-eabi-9-2019-q4-major-x86_64-linux/gcc-arm-none-eabi-9-2019-q4-major/bin/../lib/gcc/arm-none-eabi/9.2.1/thumb/v7e-m/nofp/libgcc.a(pr-support.o)
__init_array_end                                  /home/mehdi/ARMToolChain/gcc-arm-none-eabi-9-2019-q4-major-x86_64-linux/gcc-arm-none-eabi-9-2019-q4-major/bin/../lib/gcc/arm-none-eabi/9.2.1/../../../../arm-none-eabi/lib/thumb/v7e-m/nofp/libc_nano.a(lib_a-init.o)
__init_array_start                                /home/mehdi/ARMToolChain/gcc-arm-none-eabi-9-2019-q4-major-x86_64-linux/gcc-arm-none-eabi-9-2019-q4-major/bin/../lib/gcc/arm-none-eabi/9.2.1/../../../../arm-none-eabi/lib/thumb/v7e-m/nofp/libc_nano.a(lib_a-init.o)
__libc_fini_array                                 /home/mehdi/ARMToolChain/gcc-arm-none-eabi-9-2019-q4-major-x86_64-linux/gcc-arm-none-eabi-9-2019-q4-major/bin/../lib/gcc/arm-none-eabi/9.2.1/../../../../arm-none-eabi/lib/thumb/v7e-m/nofp/crt0.o
__libc_init_array                                 /home/mehdi/ARMToolChain/gcc-arm-none-eabi-9-2019-q4-major-x86_64-linux/gcc-arm-none-eabi-9-2019-q4-major/bin/../lib/gcc/arm-none-eabi/9.2.1/../../../../arm-none-eabi/lib/thumb/v7e-m/nofp/libc_nano.a(lib_a-init.o)
                                                  /home/mehdi/ARMToolChain/gcc-arm-none-eabi-9-2019-q4-major-x86_64-linux/gcc-arm-none-eabi-9-2019-q4-major/bin/../lib/gcc/arm-none-eabi/9.2.1/../../../../arm-none-eabi/lib/thumb/v7e-m/nofp/crt0.o
__lock___arc4random_mutex                         /home/mehdi/ARMToolChain/gcc-arm-none-eabi-9-2019-q4-major-x86_64-linux/gcc-arm-none-eabi-9-2019-q4-major/bin/../lib/gcc/arm-none-eabi/9.2.1/../../../../arm-none-eabi/lib/thumb/v7e-m/nofp/libc_nano.a(lib_a-lock.o)
__lock___at_quick_exit_mutex                      /home/mehdi/ARMToolChain/gcc-arm-none-eabi-9-2019-q4-major-x86_64-linux/gcc-arm-none-eabi-9-2019-q4-major/bin/../lib/gcc/arm-none-eabi/9.2.1/../../../../arm-none-eabi/lib/thumb/v7e-m/nofp/libc_nano.a(lib_a-lock.o)
__lock___atexit_recursive_mutex                   /home/mehdi/ARMToolChain/gcc-arm-none-eabi-9-2019-q4-major-x86_64-linux/gcc-arm-none-eabi-9-2019-q4-major/bin/../lib/gcc/arm-none-eabi/9.2.1/../../../../arm-none-eabi/lib/thumb/v7e-m/nofp/libc_nano.a(lib_a-lock.o)
__lock___dd_hash_mutex                            /home/mehdi/ARMToolChain/gcc-arm-none-eabi-9-2019-q4-major-x86_64-linux/gcc-arm-none-eabi-9-2019-q4-major/bin/../lib/gcc/arm-none-eabi/9.2.1/../../../../arm-none-eabi/lib/thumb/v7e-m/nofp/libc_nano.a(lib_a-lock.o)
__lock___env_recursive_mutex                      /home/mehdi/ARMToolChain/gcc-arm-none-eabi-9-2019-q4-major-x86_64-linux/gcc-arm-none-eabi-9-2019-q4-major/bin/../lib/gcc/arm-none-eabi/9.2.1/../../../../arm-none-eabi/lib/thumb/v7e-m/nofp/libc_nano.a(lib_a-lock.o)
__lock___malloc_recursive_mutex                   /home/mehdi/ARMToolChain/gcc-arm-none-eabi-9-2019-q4-major-x86_64-linux/gcc-arm-none-eabi-9-2019-q4-major/bin/../lib/gcc/arm-none-eabi/9.2.1/../../../../arm-none-eabi/lib/thumb/v7e-m/nofp/libc_nano.a(lib_a-lock.o)
                                                  /home/mehdi/ARMToolChain/gcc-arm-none-eabi-9-2019-q4-major-x86_64-linux/gcc-arm-none-eabi-9-2019-q4-major/bin/../lib/gcc/arm-none-eabi/9.2.1/../../../../arm-none-eabi/lib/thumb/v7e-m/nofp/libc_nano.a(lib_a-mlock.o)
__lock___sfp_recursive_mutex                      /home/mehdi/ARMToolChain/gcc-arm-none-eabi-9-2019-q4-major-x86_64-linux/gcc-arm-none-eabi-9-2019-q4-major/bin/../lib/gcc/arm-none-eabi/9.2.1/../../../../arm-none-eabi/lib/thumb/v7e-m/nofp/libc_nano.a(lib_a-lock.o)
__lock___sinit_recursive_mutex                    /home/mehdi/ARMToolChain/gcc-arm-none-eabi-9-2019-q4-major-x86_64-linux/gcc-arm-none-eabi-9-2019-q4-major/bin/../lib/gcc/arm-none-eabi/9.2.1/../../../../arm-none-eabi/lib/thumb/v7e-m/nofp/libc_nano.a(lib_a-lock.o)
__lock___tz_mutex                                 /home/mehdi/ARMToolChain/gcc-arm-none-eabi-9-2019-q4-major-x86_64-linux/gcc-arm-none-eabi-9-2019-q4-major/bin/../lib/gcc/arm-none-eabi/9.2.1/../../../../arm-none-eabi/lib/thumb/v7e-m/nofp/libc_nano.a(lib_a-lock.o)
__malloc_free_list                                /home/mehdi/ARMToolChain/gcc-arm-none-eabi-9-2019-q4-major-x86_64-linux/gcc-arm-none-eabi-9-2019-q4-major/bin/../lib/gcc/arm-none-eabi/9.2.1/../../../../arm-none-eabi/lib/thumb/v7e-m/nofp/libc_nano.a(lib_a-nano-mallocr.o)
                                                  /home/mehdi/ARMToolChain/gcc-arm-none-eabi-9-2019-q4-major-x86_64-linux/gcc-arm-none-eabi-9-2019-q4-major/bin/../lib/gcc/arm-none-eabi/9.2.1/../../../../arm-none-eabi/lib/thumb/v7e-m/nofp/libc_nano.a(lib_a-nano-freer.o)
__malloc_lock                                     /home/mehdi/ARMToolChain/gcc-arm-none-eabi-9-2019-q4-major-x86_64-linux/gcc-arm-none-eabi-9-2019-q4-major/bin/../lib/gcc/arm-none-eabi/9.2.1/../../../../arm-none-eabi/lib/thumb/v7e-m/nofp/libc_nano.a(lib_a-mlock.o)
                                                  /home/mehdi/ARMToolChain/gcc-arm-none-eabi-9-2019-q4-major-x86_64-linux/gcc-arm-none-eabi-9-2019-q4-major/bin/../lib/gcc/arm-none-eabi/9.2.1/../../../../arm-none-eabi/lib/thumb/v7e-m/nofp/libc_nano.a(lib_a-nano-mallocr.o)
                                                  /home/mehdi/ARMToolChain/gcc-arm-none-eabi-9-2019-q4-major-x86_64-linux/gcc-arm-none-eabi-9-2019-q4-major/bin/../lib/gcc/arm-none-eabi/9.2.1/../../../../arm-none-eabi/lib/thumb/v7e-m/nofp/libc_nano.a(lib_a-nano-freer.o)
__malloc_sbrk_start                               /home/mehdi/ARMToolChain/gcc-arm-none-eabi-9-2019-q4-major-x86_64-linux/gcc-arm-none-eabi-9-2019-q4-major/bin/../lib/gcc/arm-none-eabi/9.2.1/../../../../arm-none-eabi/lib/thumb/v7e-m/nofp/libc_nano.a(lib_a-nano-mallocr.o)
__malloc_unlock                                   /home/mehdi/ARMToolChain/gcc-arm-none-eabi-9-2019-q4-major-x86_64-linux/gcc-arm-none-eabi-9-2019-q4-major/bin/../lib/gcc/arm-none-eabi/9.2.1/../../../../arm-none-eabi/lib/thumb/v7e-m/nofp/libc_nano.a(lib_a-mlock.o)
                                                  /home/mehdi/ARMToolChain/gcc-arm-none-eabi-9-2019-q4-major-x86_64-linux/gcc-arm-none-eabi-9-2019-q4-major/bin/../lib/gcc/arm-none-eabi/9.2.1/../../../../arm-none-eabi/lib/thumb/v7e-m/nofp/libc_nano.a(lib_a-nano-mallocr.o)
                                                  /home/mehdi/ARMToolChain/gcc-arm-none-eabi-9-2019-q4-major-x86_64-linux/gcc-arm-none-eabi-9-2019-q4-major/bin/../lib/gcc/arm-none-eabi/9.2.1/../../../../arm-none-eabi/lib/thumb/v7e-m/nofp/libc_nano.a(lib_a-nano-freer.o)
__preinit_array_end                               /home/mehdi/ARMToolChain/gcc-arm-none-eabi-9-2019-q4-major-x86_64-linux/gcc-arm-none-eabi-9-2019-q4-major/bin/../lib/gcc/arm-none-eabi/9.2.1/../../../../arm-none-eabi/lib/thumb/v7e-m/nofp/libc_nano.a(lib_a-init.o)
__preinit_array_start                             /home/mehdi/ARMToolChain/gcc-arm-none-eabi-9-2019-q4-major-x86_64-linux/gcc-arm-none-eabi-9-2019-q4-major/bin/../lib/gcc/arm-none-eabi/9.2.1/../../../../arm-none-eabi/lib/thumb/v7e-m/nofp/libc_nano.a(lib_a-init.o)
__register_frame_info                             /home/mehdi/ARMToolChain/gcc-arm-none-eabi-9-2019-q4-major-x86_64-linux/gcc-arm-none-eabi-9-2019-q4-major/bin/../lib/gcc/arm-none-eabi/9.2.1/thumb/v7e-m/nofp/crtbegin.o
__restore_core_regs                               /home/mehdi/ARMToolChain/gcc-arm-none-eabi-9-2019-q4-major-x86_64-linux/gcc-arm-none-eabi-9-2019-q4-major/bin/../lib/gcc/arm-none-eabi/9.2.1/thumb/v7e-m/nofp/libgcc.a(libunwind.o)
__retarget_lock_acquire                           /home/mehdi/ARMToolChain/gcc-arm-none-eabi-9-2019-q4-major-x86_64-linux/gcc-arm-none-eabi-9-2019-q4-major/bin/../lib/gcc/arm-none-eabi/9.2.1/../../../../arm-none-eabi/lib/thumb/v7e-m/nofp/libc_nano.a(lib_a-lock.o)
__retarget_lock_acquire_recursive                 /home/mehdi/ARMToolChain/gcc-arm-none-eabi-9-2019-q4-major-x86_64-linux/gcc-arm-none-eabi-9-2019-q4-major/bin/../lib/gcc/arm-none-eabi/9.2.1/../../../../arm-none-eabi/lib/thumb/v7e-m/nofp/libc_nano.a(lib_a-lock.o)
                                                  /home/mehdi/ARMToolChain/gcc-arm-none-eabi-9-2019-q4-major-x86_64-linux/gcc-arm-none-eabi-9-2019-q4-major/bin/../lib/gcc/arm-none-eabi/9.2.1/../../../../arm-none-eabi/lib/thumb/v7e-m/nofp/libc_nano.a(lib_a-mlock.o)
__retarget_lock_close                             /home/mehdi/ARMToolChain/gcc-arm-none-eabi-9-2019-q4-major-x86_64-linux/gcc-arm-none-eabi-9-2019-q4-major/bin/../lib/gcc/arm-none-eabi/9.2.1/../../../../arm-none-eabi/lib/thumb/v7e-m/nofp/libc_nano.a(lib_a-lock.o)
__retarget_lock_close_recursive                   /home/mehdi/ARMToolChain/gcc-arm-none-eabi-9-2019-q4-major-x86_64-linux/gcc-arm-none-eabi-9-2019-q4-major/bin/../lib/gcc/arm-none-eabi/9.2.1/../../../../arm-none-eabi/lib/thumb/v7e-m/nofp/libc_nano.a(lib_a-lock.o)
__retarget_lock_init                              /home/mehdi/ARMToolChain/gcc-arm-none-eabi-9-2019-q4-major-x86_64-linux/gcc-arm-none-eabi-9-2019-q4-major/bin/../lib/gcc/arm-none-eabi/9.2.1/../../../../arm-none-eabi/lib/thumb/v7e-m/nofp/libc_nano.a(lib_a-lock.o)
__retarget_lock_init_recursive                    /home/mehdi/ARMToolChain/gcc-arm-none-eabi-9-2019-q4-major-x86_64-linux/gcc-arm-none-eabi-9-2019-q4-major/bin/../lib/gcc/arm-none-eabi/9.2.1/../../../../arm-none-eabi/lib/thumb/v7e-m/nofp/libc_nano.a(lib_a-lock.o)
__retarget_lock_release                           /home/mehdi/ARMToolChain/gcc-arm-none-eabi-9-2019-q4-major-x86_64-linux/gcc-arm-none-eabi-9-2019-q4-major/bin/../lib/gcc/arm-none-eabi/9.2.1/../../../../arm-none-eabi/lib/thumb/v7e-m/nofp/libc_nano.a(lib_a-lock.o)
__retarget_lock_release_recursive                 /home/mehdi/ARMToolChain/gcc-arm-none-eabi-9-2019-q4-major-x86_64-linux/gcc-arm-none-eabi-9-2019-q4-major/bin/../lib/gcc/arm-none-eabi/9.2.1/../../../../arm-none-eabi/lib/thumb/v7e-m/nofp/libc_nano.a(lib_a-lock.o)
                                                  /home/mehdi/ARMToolChain/gcc-arm-none-eabi-9-2019-q4-major-x86_64-linux/gcc-arm-none-eabi-9-2019-q4-major/bin/../lib/gcc/arm-none-eabi/9.2.1/../../../../arm-none-eabi/lib/thumb/v7e-m/nofp/libc_nano.a(lib_a-mlock.o)
__retarget_lock_try_acquire                       /home/mehdi/ARMToolChain/gcc-arm-none-eabi-9-2019-q4-major-x86_64-linux/gcc-arm-none-eabi-9-2019-q4-major/bin/../lib/gcc/arm-none-eabi/9.2.1/../../../../arm-none-eabi/lib/thumb/v7e-m/nofp/libc_nano.a(lib_a-lock.o)
__retarget_lock_try_acquire_recursive             /home/mehdi/ARMToolChain/gcc-arm-none-eabi-9-2019-q4-major-x86_64-linux/gcc-arm-none-eabi-9-2019-q4-major/bin/../lib/gcc/arm-none-eabi/9.2.1/../../../../arm-none-eabi/lib/thumb/v7e-m/nofp/libc_nano.a(lib_a-lock.o)
__sf_fake_stderr                                  /home/mehdi/ARMToolChain/gcc-arm-none-eabi-9-2019-q4-major-x86_64-linux/gcc-arm-none-eabi-9-2019-q4-major/bin/../lib/gcc/arm-none-eabi/9.2.1/../../../../arm-none-eabi/lib/thumb/v7e-m/nofp/libc_nano.a(lib_a-impure.o)
__sf_fake_stdin                                   /home/mehdi/ARMToolChain/gcc-arm-none-eabi-9-2019-q4-major-x86_64-linux/gcc-arm-none-eabi-9-2019-q4-major/bin/../lib/gcc/arm-none-eabi/9.2.1/../../../../arm-none-eabi/lib/thumb/v7e-m/nofp/libc_nano.a(lib_a-impure.o)
__sf_fake_stdout                                  /home/mehdi/ARMToolChain/gcc-arm-none-eabi-9-2019-q4-major-x86_64-linux/gcc-arm-none-eabi-9-2019-q4-major/bin/../lib/gcc/arm-none-eabi/9.2.1/../../../../arm-none-eabi/lib/thumb/v7e-m/nofp/libc_nano.a(lib_a-impure.o)
__sigtramp                                        /home/mehdi/ARMToolChain/gcc-arm-none-eabi-9-2019-q4-major-x86_64-linux/gcc-arm-none-eabi-9-2019-q4-major/bin/../lib/gcc/arm-none-eabi/9.2.1/../../../../arm-none-eabi/lib/thumb/v7e-m/nofp/libc_nano.a(lib_a-signal.o)
__sigtramp_r                                      /home/mehdi/ARMToolChain/gcc-arm-none-eabi-9-2019-q4-major-x86_64-linux/gcc-arm-none-eabi-9-2019-q4-major/bin/../lib/gcc/arm-none-eabi/9.2.1/../../../../arm-none-eabi/lib/thumb/v7e-m/nofp/libc_nano.a(lib_a-signal.o)
__stack                                           /home/mehdi/ARMToolChain/gcc-arm-none-eabi-9-2019-q4-major-x86_64-linux/gcc-arm-none-eabi-9-2019-q4-major/bin/../lib/gcc/arm-none-eabi/9.2.1/../../../../arm-none-eabi/lib/thumb/v7e-m/nofp/crt0.o
_exit                                             /home/mehdi/ARMToolChain/gcc-arm-none-eabi-9-2019-q4-major-x86_64-linux/gcc-arm-none-eabi-9-2019-q4-major/bin/../lib/gcc/arm-none-eabi/9.2.1/../../../../arm-none-eabi/lib/thumb/v7e-m/nofp/libc_nano.a(lib_a-exit.o)
                                                  /home/mehdi/ARMToolChain/gcc-arm-none-eabi-9-2019-q4-major-x86_64-linux/gcc-arm-none-eabi-9-2019-q4-major/bin/../lib/gcc/arm-none-eabi/9.2.1/../../../../arm-none-eabi/lib/thumb/v7e-m/nofp/libc_nano.a(lib_a-abort.o)
_fini                                             /home/mehdi/ARMToolChain/gcc-arm-none-eabi-9-2019-q4-major-x86_64-linux/gcc-arm-none-eabi-9-2019-q4-major/bin/../lib/gcc/arm-none-eabi/9.2.1/thumb/v7e-m/nofp/crti.o
_free_r                                           /home/mehdi/ARMToolChain/gcc-arm-none-eabi-9-2019-q4-major-x86_64-linux/gcc-arm-none-eabi-9-2019-q4-major/bin/../lib/gcc/arm-none-eabi/9.2.1/../../../../arm-none-eabi/lib/thumb/v7e-m/nofp/libc_nano.a(lib_a-nano-freer.o)
                                                  /home/mehdi/ARMToolChain/gcc-arm-none-eabi-9-2019-q4-major-x86_64-linux/gcc-arm-none-eabi-9-2019-q4-major/bin/../lib/gcc/arm-none-eabi/9.2.1/../../../../arm-none-eabi/lib/thumb/v7e-m/nofp/libc_nano.a(lib_a-reent.o)
                                                  /home/mehdi/ARMToolChain/gcc-arm-none-eabi-9-2019-q4-major-x86_64-linux/gcc-arm-none-eabi-9-2019-q4-major/bin/../lib/gcc/arm-none-eabi/9.2.1/../../../../arm-none-eabi/lib/thumb/v7e-m/nofp/libc_nano.a(lib_a-malloc.o)
_getpid                                           /home/mehdi/ARMToolChain/gcc-arm-none-eabi-9-2019-q4-major-x86_64-linux/gcc-arm-none-eabi-9-2019-q4-major/bin/../lib/gcc/arm-none-eabi/9.2.1/../../../../arm-none-eabi/lib/thumb/v7e-m/nofp/libc_nano.a(lib_a-signalr.o)
_getpid_r                                         /home/mehdi/ARMToolChain/gcc-arm-none-eabi-9-2019-q4-major-x86_64-linux/gcc-arm-none-eabi-9-2019-q4-major/bin/../lib/gcc/arm-none-eabi/9.2.1/../../../../arm-none-eabi/lib/thumb/v7e-m/nofp/libc_nano.a(lib_a-signalr.o)
                                                  /home/mehdi/ARMToolChain/gcc-arm-none-eabi-9-2019-q4-major-x86_64-linux/gcc-arm-none-eabi-9-2019-q4-major/bin/../lib/gcc/arm-none-eabi/9.2.1/../../../../arm-none-eabi/lib/thumb/v7e-m/nofp/libc_nano.a(lib_a-signal.o)
_global_impure_ptr                                /home/mehdi/ARMToolChain/gcc-arm-none-eabi-9-2019-q4-major-x86_64-linux/gcc-arm-none-eabi-9-2019-q4-major/bin/../lib/gcc/arm-none-eabi/9.2.1/../../../../arm-none-eabi/lib/thumb/v7e-m/nofp/libc_nano.a(lib_a-impure.o)
                                                  /home/mehdi/ARMToolChain/gcc-arm-none-eabi-9-2019-q4-major-x86_64-linux/gcc-arm-none-eabi-9-2019-q4-major/bin/../lib/gcc/arm-none-eabi/9.2.1/../../../../arm-none-eabi/lib/thumb/v7e-m/nofp/libc_nano.a(lib_a-exit.o)
_impure_ptr                                       /home/mehdi/ARMToolChain/gcc-arm-none-eabi-9-2019-q4-major-x86_64-linux/gcc-arm-none-eabi-9-2019-q4-major/bin/../lib/gcc/arm-none-eabi/9.2.1/../../../../arm-none-eabi/lib/thumb/v7e-m/nofp/libc_nano.a(lib_a-impure.o)
                                                  /home/mehdi/ARMToolChain/gcc-arm-none-eabi-9-2019-q4-major-x86_64-linux/gcc-arm-none-eabi-9-2019-q4-major/bin/../lib/gcc/arm-none-eabi/9.2.1/../../../../arm-none-eabi/lib/thumb/v7e-m/nofp/libc_nano.a(lib_a-reent.o)
                                                  /home/mehdi/ARMToolChain/gcc-arm-none-eabi-9-2019-q4-major-x86_64-linux/gcc-arm-none-eabi-9-2019-q4-major/bin/../lib/gcc/arm-none-eabi/9.2.1/../../../../arm-none-eabi/lib/thumb/v7e-m/nofp/libc_nano.a(lib_a-signal.o)
                                                  /home/mehdi/ARMToolChain/gcc-arm-none-eabi-9-2019-q4-major-x86_64-linux/gcc-arm-none-eabi-9-2019-q4-major/bin/../lib/gcc/arm-none-eabi/9.2.1/../../../../arm-none-eabi/lib/thumb/v7e-m/nofp/libc_nano.a(lib_a-malloc.o)
_init                                             /home/mehdi/ARMToolChain/gcc-arm-none-eabi-9-2019-q4-major-x86_64-linux/gcc-arm-none-eabi-9-2019-q4-major/bin/../lib/gcc/arm-none-eabi/9.2.1/thumb/v7e-m/nofp/crti.o
                                                  /home/mehdi/ARMToolChain/gcc-arm-none-eabi-9-2019-q4-major-x86_64-linux/gcc-arm-none-eabi-9-2019-q4-major/bin/../lib/gcc/arm-none-eabi/9.2.1/../../../../arm-none-eabi/lib/thumb/v7e-m/nofp/libc_nano.a(lib_a-init.o)
_init_signal                                      /home/mehdi/ARMToolChain/gcc-arm-none-eabi-9-2019-q4-major-x86_64-linux/gcc-arm-none-eabi-9-2019-q4-major/bin/../lib/gcc/arm-none-eabi/9.2.1/../../../../arm-none-eabi/lib/thumb/v7e-m/nofp/libc_nano.a(lib_a-signal.o)
_init_signal_r                                    /home/mehdi/ARMToolChain/gcc-arm-none-eabi-9-2019-q4-major-x86_64-linux/gcc-arm-none-eabi-9-2019-q4-major/bin/../lib/gcc/arm-none-eabi/9.2.1/../../../../arm-none-eabi/lib/thumb/v7e-m/nofp/libc_nano.a(lib_a-signal.o)
_kill                                             /home/mehdi/ARMToolChain/gcc-arm-none-eabi-9-2019-q4-major-x86_64-linux/gcc-arm-none-eabi-9-2019-q4-major/bin/../lib/gcc/arm-none-eabi/9.2.1/../../../../arm-none-eabi/lib/thumb/v7e-m/nofp/libc_nano.a(lib_a-signalr.o)
_kill_r                                           /home/mehdi/ARMToolChain/gcc-arm-none-eabi-9-2019-q4-major-x86_64-linux/gcc-arm-none-eabi-9-2019-q4-major/bin/../lib/gcc/arm-none-eabi/9.2.1/../../../../arm-none-eabi/lib/thumb/v7e-m/nofp/libc_nano.a(lib_a-signalr.o)
                                                  /home/mehdi/ARMToolChain/gcc-arm-none-eabi-9-2019-q4-major-x86_64-linux/gcc-arm-none-eabi-9-2019-q4-major/bin/../lib/gcc/arm-none-eabi/9.2.1/../../../../arm-none-eabi/lib/thumb/v7e-m/nofp/libc_nano.a(lib_a-signal.o)
_mainCRTStartup                                   /home/mehdi/ARMToolChain/gcc-arm-none-eabi-9-2019-q4-major-x86_64-linux/gcc-arm-none-eabi-9-2019-q4-major/bin/../lib/gcc/arm-none-eabi/9.2.1/../../../../arm-none-eabi/lib/thumb/v7e-m/nofp/crt0.o
_malloc_r                                         /home/mehdi/ARMToolChain/gcc-arm-none-eabi-9-2019-q4-major-x86_64-linux/gcc-arm-none-eabi-9-2019-q4-major/bin/../lib/gcc/arm-none-eabi/9.2.1/../../../../arm-none-eabi/lib/thumb/v7e-m/nofp/libc_nano.a(lib_a-nano-mallocr.o)
                                                  /home/mehdi/ARMToolChain/gcc-arm-none-eabi-9-2019-q4-major-x86_64-linux/gcc-arm-none-eabi-9-2019-q4-major/bin/../lib/gcc/arm-none-eabi/9.2.1/../../../../arm-none-eabi/lib/thumb/v7e-m/nofp/libc_nano.a(lib_a-signal.o)
                                                  /home/mehdi/ARMToolChain/gcc-arm-none-eabi-9-2019-q4-major-x86_64-linux/gcc-arm-none-eabi-9-2019-q4-major/bin/../lib/gcc/arm-none-eabi/9.2.1/../../../../arm-none-eabi/lib/thumb/v7e-m/nofp/libc_nano.a(lib_a-malloc.o)
_raise_r                                          /home/mehdi/ARMToolChain/gcc-arm-none-eabi-9-2019-q4-major-x86_64-linux/gcc-arm-none-eabi-9-2019-q4-major/bin/../lib/gcc/arm-none-eabi/9.2.1/../../../../arm-none-eabi/lib/thumb/v7e-m/nofp/libc_nano.a(lib_a-signal.o)
_reclaim_reent                                    /home/mehdi/ARMToolChain/gcc-arm-none-eabi-9-2019-q4-major-x86_64-linux/gcc-arm-none-eabi-9-2019-q4-major/bin/../lib/gcc/arm-none-eabi/9.2.1/../../../../arm-none-eabi/lib/thumb/v7e-m/nofp/libc_nano.a(lib_a-reent.o)
_sbrk                                             /home/mehdi/ARMToolChain/gcc-arm-none-eabi-9-2019-q4-major-x86_64-linux/gcc-arm-none-eabi-9-2019-q4-major/bin/../lib/gcc/arm-none-eabi/9.2.1/../../../../arm-none-eabi/lib/thumb/v7e-m/nofp/libc_nano.a(lib_a-sbrkr.o)
_sbrk_r                                           /home/mehdi/ARMToolChain/gcc-arm-none-eabi-9-2019-q4-major-x86_64-linux/gcc-arm-none-eabi-9-2019-q4-major/bin/../lib/gcc/arm-none-eabi/9.2.1/../../../../arm-none-eabi/lib/thumb/v7e-m/nofp/libc_nano.a(lib_a-sbrkr.o)
                                                  /home/mehdi/ARMToolChain/gcc-arm-none-eabi-9-2019-q4-major-x86_64-linux/gcc-arm-none-eabi-9-2019-q4-major/bin/../lib/gcc/arm-none-eabi/9.2.1/../../../../arm-none-eabi/lib/thumb/v7e-m/nofp/libc_nano.a(lib_a-nano-mallocr.o)
_signal_r                                         /home/mehdi/ARMToolChain/gcc-arm-none-eabi-9-2019-q4-major-x86_64-linux/gcc-arm-none-eabi-9-2019-q4-major/bin/../lib/gcc/arm-none-eabi/9.2.1/../../../../arm-none-eabi/lib/thumb/v7e-m/nofp/libc_nano.a(lib_a-signal.o)
_start                                            /home/mehdi/ARMToolChain/gcc-arm-none-eabi-9-2019-q4-major-x86_64-linux/gcc-arm-none-eabi-9-2019-q4-major/bin/../lib/gcc/arm-none-eabi/9.2.1/../../../../arm-none-eabi/lib/thumb/v7e-m/nofp/crt0.o
abort                                             /home/mehdi/ARMToolChain/gcc-arm-none-eabi-9-2019-q4-major-x86_64-linux/gcc-arm-none-eabi-9-2019-q4-major/bin/../lib/gcc/arm-none-eabi/9.2.1/../../../../arm-none-eabi/lib/thumb/v7e-m/nofp/libc_nano.a(lib_a-abort.o)
                                                  /home/mehdi/ARMToolChain/gcc-arm-none-eabi-9-2019-q4-major-x86_64-linux/gcc-arm-none-eabi-9-2019-q4-major/bin/../lib/gcc/arm-none-eabi/9.2.1/thumb/v7e-m/nofp/libgcc.a(pr-support.o)
                                                  /home/mehdi/ARMToolChain/gcc-arm-none-eabi-9-2019-q4-major-x86_64-linux/gcc-arm-none-eabi-9-2019-q4-major/bin/../lib/gcc/arm-none-eabi/9.2.1/thumb/v7e-m/nofp/libgcc.a(unwind-arm.o)
                                                  /home/mehdi/ARMToolChain/gcc-arm-none-eabi-9-2019-q4-major-x86_64-linux/gcc-arm-none-eabi-9-2019-q4-major/bin/../lib/gcc/arm-none-eabi/9.2.1/../../../../arm-none-eabi/lib/thumb/v7e-m/nofp/libstdc++_nano.a(functexcept.o)
                                                  /home/mehdi/ARMToolChain/gcc-arm-none-eabi-9-2019-q4-major-x86_64-linux/gcc-arm-none-eabi-9-2019-q4-major/bin/../lib/gcc/arm-none-eabi/9.2.1/../../../../arm-none-eabi/lib/thumb/v7e-m/nofp/libstdc++_nano.a(new_op.o)
atexit                                            /home/mehdi/ARMToolChain/gcc-arm-none-eabi-9-2019-q4-major-x86_64-linux/gcc-arm-none-eabi-9-2019-q4-major/bin/../lib/gcc/arm-none-eabi/9.2.1/../../../../arm-none-eabi/lib/thumb/v7e-m/nofp/crt0.o
bool __gnu_cxx::operator==<char const*, std::__cxx11::basic_string<char, std::char_traits<char>, std::allocator<char> > >(__gnu_cxx::__normal_iterator<char const*, std::__cxx11::basic_string<char, std::char_traits<char>, std::allocator<char> > > const&, __gnu_cxx::__normal_iterator<char const*, std::__cxx11::basic_string<char, std::char_traits<char>, std::allocator<char> > > const&) /home/mehdi/ARMToolChain/gcc-arm-none-eabi-9-2019-q4-major-x86_64-linux/gcc-arm-none-eabi-9-2019-q4-major/bin/../lib/gcc/arm-none-eabi/9.2.1/../../../../arm-none-eabi/lib/thumb/v7e-m/nofp/libstdc++_nano.a(string-inst.o)
bool __gnu_cxx::operator==<char*, std::__cxx11::basic_string<char, std::char_traits<char>, std::allocator<char> > >(__gnu_cxx::__normal_iterator<char*, std::__cxx11::basic_string<char, std::char_traits<char>, std::allocator<char> > > const&, __gnu_cxx::__normal_iterator<char*, std::__cxx11::basic_string<char, std::char_traits<char>, std::allocator<char> > > const&) /home/mehdi/ARMToolChain/gcc-arm-none-eabi-9-2019-q4-major-x86_64-linux/gcc-arm-none-eabi-9-2019-q4-major/bin/../lib/gcc/arm-none-eabi/9.2.1/../../../../arm-none-eabi/lib/thumb/v7e-m/nofp/libstdc++_nano.a(string-inst.o)
cleanup_glue                                      /home/mehdi/ARMToolChain/gcc-arm-none-eabi-9-2019-q4-major-x86_64-linux/gcc-arm-none-eabi-9-2019-q4-major/bin/../lib/gcc/arm-none-eabi/9.2.1/../../../../arm-none-eabi/lib/thumb/v7e-m/nofp/libc_nano.a(lib_a-reent.o)
errno                                             /home/mehdi/ARMToolChain/gcc-arm-none-eabi-9-2019-q4-major-x86_64-linux/gcc-arm-none-eabi-9-2019-q4-major/bin/../lib/gcc/arm-none-eabi/9.2.1/../../../../arm-none-eabi/lib/thumb/v7e-m/nofp/libc_nano.a(lib_a-reent.o)
                                                  /home/mehdi/ARMToolChain/gcc-arm-none-eabi-9-2019-q4-major-x86_64-linux/gcc-arm-none-eabi-9-2019-q4-major/bin/../lib/gcc/arm-none-eabi/9.2.1/../../../../arm-none-eabi/lib/thumb/v7e-m/nofp/libc_nano.a(lib_a-signalr.o)
                                                  /home/mehdi/ARMToolChain/gcc-arm-none-eabi-9-2019-q4-major-x86_64-linux/gcc-arm-none-eabi-9-2019-q4-major/bin/../lib/gcc/arm-none-eabi/9.2.1/../../../../arm-none-eabi/lib/thumb/v7e-m/nofp/libc_nano.a(lib_a-sbrkr.o)
exit                                              /home/mehdi/ARMToolChain/gcc-arm-none-eabi-9-2019-q4-major-x86_64-linux/gcc-arm-none-eabi-9-2019-q4-major/bin/../lib/gcc/arm-none-eabi/9.2.1/../../../../arm-none-eabi/lib/thumb/v7e-m/nofp/libc_nano.a(lib_a-exit.o)
                                                  /home/mehdi/ARMToolChain/gcc-arm-none-eabi-9-2019-q4-major-x86_64-linux/gcc-arm-none-eabi-9-2019-q4-major/bin/../lib/gcc/arm-none-eabi/9.2.1/../../../../arm-none-eabi/lib/thumb/v7e-m/nofp/crt0.o
free                                              /home/mehdi/ARMToolChain/gcc-arm-none-eabi-9-2019-q4-major-x86_64-linux/gcc-arm-none-eabi-9-2019-q4-major/bin/../lib/gcc/arm-none-eabi/9.2.1/../../../../arm-none-eabi/lib/thumb/v7e-m/nofp/libc_nano.a(lib_a-malloc.o)
                                                  /home/mehdi/ARMToolChain/gcc-arm-none-eabi-9-2019-q4-major-x86_64-linux/gcc-arm-none-eabi-9-2019-q4-major/bin/../lib/gcc/arm-none-eabi/9.2.1/../../../../arm-none-eabi/lib/thumb/v7e-m/nofp/libstdc++_nano.a(del_op.o)
hardware_init_hook                                /home/mehdi/ARMToolChain/gcc-arm-none-eabi-9-2019-q4-major-x86_64-linux/gcc-arm-none-eabi-9-2019-q4-major/bin/../lib/gcc/arm-none-eabi/9.2.1/../../../../arm-none-eabi/lib/thumb/v7e-m/nofp/crt0.o
main                                              CMakeFiles/first_hello_world_STM32F301x6.elf.dir/helloWorld.cpp.obj
                                                  /home/mehdi/ARMToolChain/gcc-arm-none-eabi-9-2019-q4-major-x86_64-linux/gcc-arm-none-eabi-9-2019-q4-major/bin/../lib/gcc/arm-none-eabi/9.2.1/../../../../arm-none-eabi/lib/thumb/v7e-m/nofp/crt0.o
malloc                                            /home/mehdi/ARMToolChain/gcc-arm-none-eabi-9-2019-q4-major-x86_64-linux/gcc-arm-none-eabi-9-2019-q4-major/bin/../lib/gcc/arm-none-eabi/9.2.1/../../../../arm-none-eabi/lib/thumb/v7e-m/nofp/libc_nano.a(lib_a-malloc.o)
                                                  /home/mehdi/ARMToolChain/gcc-arm-none-eabi-9-2019-q4-major-x86_64-linux/gcc-arm-none-eabi-9-2019-q4-major/bin/../lib/gcc/arm-none-eabi/9.2.1/../../../../arm-none-eabi/lib/thumb/v7e-m/nofp/libstdc++_nano.a(new_op.o)
memchr                                            /home/mehdi/ARMToolChain/gcc-arm-none-eabi-9-2019-q4-major-x86_64-linux/gcc-arm-none-eabi-9-2019-q4-major/bin/../lib/gcc/arm-none-eabi/9.2.1/../../../../arm-none-eabi/lib/thumb/v7e-m/nofp/libc_nano.a(lib_a-memchr.o)
                                                  /home/mehdi/ARMToolChain/gcc-arm-none-eabi-9-2019-q4-major-x86_64-linux/gcc-arm-none-eabi-9-2019-q4-major/bin/../lib/gcc/arm-none-eabi/9.2.1/../../../../arm-none-eabi/lib/thumb/v7e-m/nofp/libstdc++_nano.a(string-inst.o)
memcmp                                            /home/mehdi/ARMToolChain/gcc-arm-none-eabi-9-2019-q4-major-x86_64-linux/gcc-arm-none-eabi-9-2019-q4-major/bin/../lib/gcc/arm-none-eabi/9.2.1/../../../../arm-none-eabi/lib/thumb/v7e-m/nofp/libc_nano.a(lib_a-memcmp.o)
                                                  /home/mehdi/ARMToolChain/gcc-arm-none-eabi-9-2019-q4-major-x86_64-linux/gcc-arm-none-eabi-9-2019-q4-major/bin/../lib/gcc/arm-none-eabi/9.2.1/../../../../arm-none-eabi/lib/thumb/v7e-m/nofp/libstdc++_nano.a(string-inst.o)
memcpy                                            /home/mehdi/ARMToolChain/gcc-arm-none-eabi-9-2019-q4-major-x86_64-linux/gcc-arm-none-eabi-9-2019-q4-major/bin/../lib/gcc/arm-none-eabi/9.2.1/../../../../arm-none-eabi/lib/thumb/v7e-m/nofp/libc_nano.a(lib_a-memcpy-stub.o)
                                                  /home/mehdi/ARMToolChain/gcc-arm-none-eabi-9-2019-q4-major-x86_64-linux/gcc-arm-none-eabi-9-2019-q4-major/bin/../lib/gcc/arm-none-eabi/9.2.1/thumb/v7e-m/nofp/libgcc.a(unwind-arm.o)
                                                  /home/mehdi/ARMToolChain/gcc-arm-none-eabi-9-2019-q4-major-x86_64-linux/gcc-arm-none-eabi-9-2019-q4-major/bin/../lib/gcc/arm-none-eabi/9.2.1/../../../../arm-none-eabi/lib/thumb/v7e-m/nofp/libstdc++_nano.a(snprintf_lite.o)
                                                  /home/mehdi/ARMToolChain/gcc-arm-none-eabi-9-2019-q4-major-x86_64-linux/gcc-arm-none-eabi-9-2019-q4-major/bin/../lib/gcc/arm-none-eabi/9.2.1/../../../../arm-none-eabi/lib/thumb/v7e-m/nofp/libstdc++_nano.a(string-inst.o)
memmove                                           /home/mehdi/ARMToolChain/gcc-arm-none-eabi-9-2019-q4-major-x86_64-linux/gcc-arm-none-eabi-9-2019-q4-major/bin/../lib/gcc/arm-none-eabi/9.2.1/../../../../arm-none-eabi/lib/thumb/v7e-m/nofp/libc_nano.a(lib_a-memmove.o)
                                                  /home/mehdi/ARMToolChain/gcc-arm-none-eabi-9-2019-q4-major-x86_64-linux/gcc-arm-none-eabi-9-2019-q4-major/bin/../lib/gcc/arm-none-eabi/9.2.1/../../../../arm-none-eabi/lib/thumb/v7e-m/nofp/libstdc++_nano.a(string-inst.o)
memset                                            /home/mehdi/ARMToolChain/gcc-arm-none-eabi-9-2019-q4-major-x86_64-linux/gcc-arm-none-eabi-9-2019-q4-major/bin/../lib/gcc/arm-none-eabi/9.2.1/../../../../arm-none-eabi/lib/thumb/v7e-m/nofp/libc_nano.a(lib_a-memset.o)
                                                  /home/mehdi/ARMToolChain/gcc-arm-none-eabi-9-2019-q4-major-x86_64-linux/gcc-arm-none-eabi-9-2019-q4-major/bin/../lib/gcc/arm-none-eabi/9.2.1/../../../../arm-none-eabi/lib/thumb/v7e-m/nofp/libstdc++_nano.a(string-inst.o)
                                                  /home/mehdi/ARMToolChain/gcc-arm-none-eabi-9-2019-q4-major-x86_64-linux/gcc-arm-none-eabi-9-2019-q4-major/bin/../lib/gcc/arm-none-eabi/9.2.1/../../../../arm-none-eabi/lib/thumb/v7e-m/nofp/crt0.o
operator delete(void*)                            /home/mehdi/ARMToolChain/gcc-arm-none-eabi-9-2019-q4-major-x86_64-linux/gcc-arm-none-eabi-9-2019-q4-major/bin/../lib/gcc/arm-none-eabi/9.2.1/../../../../arm-none-eabi/lib/thumb/v7e-m/nofp/libstdc++_nano.a(del_op.o)
                                                  /home/mehdi/ARMToolChain/gcc-arm-none-eabi-9-2019-q4-major-x86_64-linux/gcc-arm-none-eabi-9-2019-q4-major/bin/../lib/gcc/arm-none-eabi/9.2.1/../../../../arm-none-eabi/lib/thumb/v7e-m/nofp/libstdc++_nano.a(string-inst.o)
                                                  CMakeFiles/first_hello_world_STM32F301x6.elf.dir/helloWorld.cpp.obj
operator new(unsigned int)                        /home/mehdi/ARMToolChain/gcc-arm-none-eabi-9-2019-q4-major-x86_64-linux/gcc-arm-none-eabi-9-2019-q4-major/bin/../lib/gcc/arm-none-eabi/9.2.1/../../../../arm-none-eabi/lib/thumb/v7e-m/nofp/libstdc++_nano.a(new_op.o)
                                                  /home/mehdi/ARMToolChain/gcc-arm-none-eabi-9-2019-q4-major-x86_64-linux/gcc-arm-none-eabi-9-2019-q4-major/bin/../lib/gcc/arm-none-eabi/9.2.1/../../../../arm-none-eabi/lib/thumb/v7e-m/nofp/libstdc++_nano.a(string-inst.o)
raise                                             /home/mehdi/ARMToolChain/gcc-arm-none-eabi-9-2019-q4-major-x86_64-linux/gcc-arm-none-eabi-9-2019-q4-major/bin/../lib/gcc/arm-none-eabi/9.2.1/../../../../arm-none-eabi/lib/thumb/v7e-m/nofp/libc_nano.a(lib_a-signal.o)
                                                  /home/mehdi/ARMToolChain/gcc-arm-none-eabi-9-2019-q4-major-x86_64-linux/gcc-arm-none-eabi-9-2019-q4-major/bin/../lib/gcc/arm-none-eabi/9.2.1/../../../../arm-none-eabi/lib/thumb/v7e-m/nofp/libc_nano.a(lib_a-abort.o)
restore_core_regs                                 /home/mehdi/ARMToolChain/gcc-arm-none-eabi-9-2019-q4-major-x86_64-linux/gcc-arm-none-eabi-9-2019-q4-major/bin/../lib/gcc/arm-none-eabi/9.2.1/thumb/v7e-m/nofp/libgcc.a(libunwind.o)
                                                  /home/mehdi/ARMToolChain/gcc-arm-none-eabi-9-2019-q4-major-x86_64-linux/gcc-arm-none-eabi-9-2019-q4-major/bin/../lib/gcc/arm-none-eabi/9.2.1/thumb/v7e-m/nofp/libgcc.a(unwind-arm.o)
signal                                            /home/mehdi/ARMToolChain/gcc-arm-none-eabi-9-2019-q4-major-x86_64-linux/gcc-arm-none-eabi-9-2019-q4-major/bin/../lib/gcc/arm-none-eabi/9.2.1/../../../../arm-none-eabi/lib/thumb/v7e-m/nofp/libc_nano.a(lib_a-signal.o)
software_init_hook                                /home/mehdi/ARMToolChain/gcc-arm-none-eabi-9-2019-q4-major-x86_64-linux/gcc-arm-none-eabi-9-2019-q4-major/bin/../lib/gcc/arm-none-eabi/9.2.1/../../../../arm-none-eabi/lib/thumb/v7e-m/nofp/crt0.o
std::__cxx11::basic_string<char, std::char_traits<char>, std::allocator<char> > std::operator+<char, std::char_traits<char>, std::allocator<char> >(char const*, std::__cxx11::basic_string<char, std::char_traits<char>, std::allocator<char> > const&) /home/mehdi/ARMToolChain/gcc-arm-none-eabi-9-2019-q4-major-x86_64-linux/gcc-arm-none-eabi-9-2019-q4-major/bin/../lib/gcc/arm-none-eabi/9.2.1/../../../../arm-none-eabi/lib/thumb/v7e-m/nofp/libstdc++_nano.a(string-inst.o)
std::__cxx11::basic_string<char, std::char_traits<char>, std::allocator<char> > std::operator+<char, std::char_traits<char>, std::allocator<char> >(char, std::__cxx11::basic_string<char, std::char_traits<char>, std::allocator<char> > const&) /home/mehdi/ARMToolChain/gcc-arm-none-eabi-9-2019-q4-major-x86_64-linux/gcc-arm-none-eabi-9-2019-q4-major/bin/../lib/gcc/arm-none-eabi/9.2.1/../../../../arm-none-eabi/lib/thumb/v7e-m/nofp/libstdc++_nano.a(string-inst.o)
std::__cxx11::basic_string<char, std::char_traits<char>, std::allocator<char> > std::operator+<char, std::char_traits<char>, std::allocator<char> >(std::__cxx11::basic_string<char, std::char_traits<char>, std::allocator<char> > const&, std::__cxx11::basic_string<char, std::char_traits<char>, std::allocator<char> > const&) /home/mehdi/ARMToolChain/gcc-arm-none-eabi-9-2019-q4-major-x86_64-linux/gcc-arm-none-eabi-9-2019-q4-major/bin/../lib/gcc/arm-none-eabi/9.2.1/../../../../arm-none-eabi/lib/thumb/v7e-m/nofp/libstdc++_nano.a(string-inst.o)
std::__cxx11::basic_string<char, std::char_traits<char>, std::allocator<char> >::_Alloc_hider::_Alloc_hider(char*, std::allocator<char> const&) /home/mehdi/ARMToolChain/gcc-arm-none-eabi-9-2019-q4-major-x86_64-linux/gcc-arm-none-eabi-9-2019-q4-major/bin/../lib/gcc/arm-none-eabi/9.2.1/../../../../arm-none-eabi/lib/thumb/v7e-m/nofp/libstdc++_nano.a(string-inst.o)
std::__cxx11::basic_string<char, std::char_traits<char>, std::allocator<char> >::_Alloc_hider::_Alloc_hider(char*, std::allocator<char> const&) /home/mehdi/ARMToolChain/gcc-arm-none-eabi-9-2019-q4-major-x86_64-linux/gcc-arm-none-eabi-9-2019-q4-major/bin/../lib/gcc/arm-none-eabi/9.2.1/../../../../arm-none-eabi/lib/thumb/v7e-m/nofp/libstdc++_nano.a(string-inst.o)
std::__cxx11::basic_string<char, std::char_traits<char>, std::allocator<char> >::_Alloc_hider::_Alloc_hider(char*, std::allocator<char>&&) /home/mehdi/ARMToolChain/gcc-arm-none-eabi-9-2019-q4-major-x86_64-linux/gcc-arm-none-eabi-9-2019-q4-major/bin/../lib/gcc/arm-none-eabi/9.2.1/../../../../arm-none-eabi/lib/thumb/v7e-m/nofp/libstdc++_nano.a(string-inst.o)
std::__cxx11::basic_string<char, std::char_traits<char>, std::allocator<char> >::_Alloc_hider::_Alloc_hider(char*, std::allocator<char>&&) /home/mehdi/ARMToolChain/gcc-arm-none-eabi-9-2019-q4-major-x86_64-linux/gcc-arm-none-eabi-9-2019-q4-major/bin/../lib/gcc/arm-none-eabi/9.2.1/../../../../arm-none-eabi/lib/thumb/v7e-m/nofp/libstdc++_nano.a(string-inst.o)
std::__cxx11::basic_string<char, std::char_traits<char>, std::allocator<char> >::_M_append(char const*, unsigned int) /home/mehdi/ARMToolChain/gcc-arm-none-eabi-9-2019-q4-major-x86_64-linux/gcc-arm-none-eabi-9-2019-q4-major/bin/../lib/gcc/arm-none-eabi/9.2.1/../../../../arm-none-eabi/lib/thumb/v7e-m/nofp/libstdc++_nano.a(string-inst.o)
std::__cxx11::basic_string<char, std::char_traits<char>, std::allocator<char> >::_M_assign(std::__cxx11::basic_string<char, std::char_traits<char>, std::allocator<char> > const&) /home/mehdi/ARMToolChain/gcc-arm-none-eabi-9-2019-q4-major-x86_64-linux/gcc-arm-none-eabi-9-2019-q4-major/bin/../lib/gcc/arm-none-eabi/9.2.1/../../../../arm-none-eabi/lib/thumb/v7e-m/nofp/libstdc++_nano.a(string-inst.o)
std::__cxx11::basic_string<char, std::char_traits<char>, std::allocator<char> >::_M_capacity(unsigned int) /home/mehdi/ARMToolChain/gcc-arm-none-eabi-9-2019-q4-major-x86_64-linux/gcc-arm-none-eabi-9-2019-q4-major/bin/../lib/gcc/arm-none-eabi/9.2.1/../../../../arm-none-eabi/lib/thumb/v7e-m/nofp/libstdc++_nano.a(string-inst.o)
std::__cxx11::basic_string<char, std::char_traits<char>, std::allocator<char> >::_M_check(unsigned int, char const*) const /home/mehdi/ARMToolChain/gcc-arm-none-eabi-9-2019-q4-major-x86_64-linux/gcc-arm-none-eabi-9-2019-q4-major/bin/../lib/gcc/arm-none-eabi/9.2.1/../../../../arm-none-eabi/lib/thumb/v7e-m/nofp/libstdc++_nano.a(string-inst.o)
std::__cxx11::basic_string<char, std::char_traits<char>, std::allocator<char> >::_M_check_length(unsigned int, unsigned int, char const*) const /home/mehdi/ARMToolChain/gcc-arm-none-eabi-9-2019-q4-major-x86_64-linux/gcc-arm-none-eabi-9-2019-q4-major/bin/../lib/gcc/arm-none-eabi/9.2.1/../../../../arm-none-eabi/lib/thumb/v7e-m/nofp/libstdc++_nano.a(string-inst.o)
std::__cxx11::basic_string<char, std::char_traits<char>, std::allocator<char> >::_M_construct(unsigned int, char) /home/mehdi/ARMToolChain/gcc-arm-none-eabi-9-2019-q4-major-x86_64-linux/gcc-arm-none-eabi-9-2019-q4-major/bin/../lib/gcc/arm-none-eabi/9.2.1/../../../../arm-none-eabi/lib/thumb/v7e-m/nofp/libstdc++_nano.a(string-inst.o)
std::__cxx11::basic_string<char, std::char_traits<char>, std::allocator<char> >::_M_construct_aux_2(unsigned int, char) /home/mehdi/ARMToolChain/gcc-arm-none-eabi-9-2019-q4-major-x86_64-linux/gcc-arm-none-eabi-9-2019-q4-major/bin/../lib/gcc/arm-none-eabi/9.2.1/../../../../arm-none-eabi/lib/thumb/v7e-m/nofp/libstdc++_nano.a(string-inst.o)
std::__cxx11::basic_string<char, std::char_traits<char>, std::allocator<char> >::_M_create(unsigned int&, unsigned int) /home/mehdi/ARMToolChain/gcc-arm-none-eabi-9-2019-q4-major-x86_64-linux/gcc-arm-none-eabi-9-2019-q4-major/bin/../lib/gcc/arm-none-eabi/9.2.1/../../../../arm-none-eabi/lib/thumb/v7e-m/nofp/libstdc++_nano.a(string-inst.o)
std::__cxx11::basic_string<char, std::char_traits<char>, std::allocator<char> >::_M_data() const /home/mehdi/ARMToolChain/gcc-arm-none-eabi-9-2019-q4-major-x86_64-linux/gcc-arm-none-eabi-9-2019-q4-major/bin/../lib/gcc/arm-none-eabi/9.2.1/../../../../arm-none-eabi/lib/thumb/v7e-m/nofp/libstdc++_nano.a(string-inst.o)
std::__cxx11::basic_string<char, std::char_traits<char>, std::allocator<char> >::_M_data(char*) /home/mehdi/ARMToolChain/gcc-arm-none-eabi-9-2019-q4-major-x86_64-linux/gcc-arm-none-eabi-9-2019-q4-major/bin/../lib/gcc/arm-none-eabi/9.2.1/../../../../arm-none-eabi/lib/thumb/v7e-m/nofp/libstdc++_nano.a(string-inst.o)
std::__cxx11::basic_string<char, std::char_traits<char>, std::allocator<char> >::_M_destroy(unsigned int) /home/mehdi/ARMToolChain/gcc-arm-none-eabi-9-2019-q4-major-x86_64-linux/gcc-arm-none-eabi-9-2019-q4-major/bin/../lib/gcc/arm-none-eabi/9.2.1/../../../../arm-none-eabi/lib/thumb/v7e-m/nofp/libstdc++_nano.a(string-inst.o)
std::__cxx11::basic_string<char, std::char_traits<char>, std::allocator<char> >::_M_disjunct(char const*) const /home/mehdi/ARMToolChain/gcc-arm-none-eabi-9-2019-q4-major-x86_64-linux/gcc-arm-none-eabi-9-2019-q4-major/bin/../lib/gcc/arm-none-eabi/9.2.1/../../../../arm-none-eabi/lib/thumb/v7e-m/nofp/libstdc++_nano.a(string-inst.o)
std::__cxx11::basic_string<char, std::char_traits<char>, std::allocator<char> >::_M_dispose() /home/mehdi/ARMToolChain/gcc-arm-none-eabi-9-2019-q4-major-x86_64-linux/gcc-arm-none-eabi-9-2019-q4-major/bin/../lib/gcc/arm-none-eabi/9.2.1/../../../../arm-none-eabi/lib/thumb/v7e-m/nofp/libstdc++_nano.a(string-inst.o)
std::__cxx11::basic_string<char, std::char_traits<char>, std::allocator<char> >::_M_erase(unsigned int, unsigned int) /home/mehdi/ARMToolChain/gcc-arm-none-eabi-9-2019-q4-major-x86_64-linux/gcc-arm-none-eabi-9-2019-q4-major/bin/../lib/gcc/arm-none-eabi/9.2.1/../../../../arm-none-eabi/lib/thumb/v7e-m/nofp/libstdc++_nano.a(string-inst.o)
std::__cxx11::basic_string<char, std::char_traits<char>, std::allocator<char> >::_M_get_allocator() /home/mehdi/ARMToolChain/gcc-arm-none-eabi-9-2019-q4-major-x86_64-linux/gcc-arm-none-eabi-9-2019-q4-major/bin/../lib/gcc/arm-none-eabi/9.2.1/../../../../arm-none-eabi/lib/thumb/v7e-m/nofp/libstdc++_nano.a(string-inst.o)
std::__cxx11::basic_string<char, std::char_traits<char>, std::allocator<char> >::_M_get_allocator() const /home/mehdi/ARMToolChain/gcc-arm-none-eabi-9-2019-q4-major-x86_64-linux/gcc-arm-none-eabi-9-2019-q4-major/bin/../lib/gcc/arm-none-eabi/9.2.1/../../../../arm-none-eabi/lib/thumb/v7e-m/nofp/libstdc++_nano.a(string-inst.o)
std::__cxx11::basic_string<char, std::char_traits<char>, std::allocator<char> >::_M_is_local() const /home/mehdi/ARMToolChain/gcc-arm-none-eabi-9-2019-q4-major-x86_64-linux/gcc-arm-none-eabi-9-2019-q4-major/bin/../lib/gcc/arm-none-eabi/9.2.1/../../../../arm-none-eabi/lib/thumb/v7e-m/nofp/libstdc++_nano.a(string-inst.o)
std::__cxx11::basic_string<char, std::char_traits<char>, std::allocator<char> >::_M_length(unsigned int) /home/mehdi/ARMToolChain/gcc-arm-none-eabi-9-2019-q4-major-x86_64-linux/gcc-arm-none-eabi-9-2019-q4-major/bin/../lib/gcc/arm-none-eabi/9.2.1/../../../../arm-none-eabi/lib/thumb/v7e-m/nofp/libstdc++_nano.a(string-inst.o)
std::__cxx11::basic_string<char, std::char_traits<char>, std::allocator<char> >::_M_limit(unsigned int, unsigned int) const /home/mehdi/ARMToolChain/gcc-arm-none-eabi-9-2019-q4-major-x86_64-linux/gcc-arm-none-eabi-9-2019-q4-major/bin/../lib/gcc/arm-none-eabi/9.2.1/../../../../arm-none-eabi/lib/thumb/v7e-m/nofp/libstdc++_nano.a(string-inst.o)
std::__cxx11::basic_string<char, std::char_traits<char>, std::allocator<char> >::_M_local_data() /home/mehdi/ARMToolChain/gcc-arm-none-eabi-9-2019-q4-major-x86_64-linux/gcc-arm-none-eabi-9-2019-q4-major/bin/../lib/gcc/arm-none-eabi/9.2.1/../../../../arm-none-eabi/lib/thumb/v7e-m/nofp/libstdc++_nano.a(string-inst.o)
std::__cxx11::basic_string<char, std::char_traits<char>, std::allocator<char> >::_M_local_data() const /home/mehdi/ARMToolChain/gcc-arm-none-eabi-9-2019-q4-major-x86_64-linux/gcc-arm-none-eabi-9-2019-q4-major/bin/../lib/gcc/arm-none-eabi/9.2.1/../../../../arm-none-eabi/lib/thumb/v7e-m/nofp/libstdc++_nano.a(string-inst.o)
std::__cxx11::basic_string<char, std::char_traits<char>, std::allocator<char> >::_M_mutate(unsigned int, unsigned int, char const*, unsigned int) /home/mehdi/ARMToolChain/gcc-arm-none-eabi-9-2019-q4-major-x86_64-linux/gcc-arm-none-eabi-9-2019-q4-major/bin/../lib/gcc/arm-none-eabi/9.2.1/../../../../arm-none-eabi/lib/thumb/v7e-m/nofp/libstdc++_nano.a(string-inst.o)
std::__cxx11::basic_string<char, std::char_traits<char>, std::allocator<char> >::_M_replace(unsigned int, unsigned int, char const*, unsigned int) /home/mehdi/ARMToolChain/gcc-arm-none-eabi-9-2019-q4-major-x86_64-linux/gcc-arm-none-eabi-9-2019-q4-major/bin/../lib/gcc/arm-none-eabi/9.2.1/../../../../arm-none-eabi/lib/thumb/v7e-m/nofp/libstdc++_nano.a(string-inst.o)
std::__cxx11::basic_string<char, std::char_traits<char>, std::allocator<char> >::_M_replace_aux(unsigned int, unsigned int, unsigned int, char) /home/mehdi/ARMToolChain/gcc-arm-none-eabi-9-2019-q4-major-x86_64-linux/gcc-arm-none-eabi-9-2019-q4-major/bin/../lib/gcc/arm-none-eabi/9.2.1/../../../../arm-none-eabi/lib/thumb/v7e-m/nofp/libstdc++_nano.a(string-inst.o)
std::__cxx11::basic_string<char, std::char_traits<char>, std::allocator<char> >::_M_set_length(unsigned int) /home/mehdi/ARMToolChain/gcc-arm-none-eabi-9-2019-q4-major-x86_64-linux/gcc-arm-none-eabi-9-2019-q4-major/bin/../lib/gcc/arm-none-eabi/9.2.1/../../../../arm-none-eabi/lib/thumb/v7e-m/nofp/libstdc++_nano.a(string-inst.o)
std::__cxx11::basic_string<char, std::char_traits<char>, std::allocator<char> >::_S_assign(char*, unsigned int, char) /home/mehdi/ARMToolChain/gcc-arm-none-eabi-9-2019-q4-major-x86_64-linux/gcc-arm-none-eabi-9-2019-q4-major/bin/../lib/gcc/arm-none-eabi/9.2.1/../../../../arm-none-eabi/lib/thumb/v7e-m/nofp/libstdc++_nano.a(string-inst.o)
std::__cxx11::basic_string<char, std::char_traits<char>, std::allocator<char> >::_S_compare(unsigned int, unsigned int) /home/mehdi/ARMToolChain/gcc-arm-none-eabi-9-2019-q4-major-x86_64-linux/gcc-arm-none-eabi-9-2019-q4-major/bin/../lib/gcc/arm-none-eabi/9.2.1/../../../../arm-none-eabi/lib/thumb/v7e-m/nofp/libstdc++_nano.a(string-inst.o)
std::__cxx11::basic_string<char, std::char_traits<char>, std::allocator<char> >::_S_copy(char*, char const*, unsigned int) /home/mehdi/ARMToolChain/gcc-arm-none-eabi-9-2019-q4-major-x86_64-linux/gcc-arm-none-eabi-9-2019-q4-major/bin/../lib/gcc/arm-none-eabi/9.2.1/../../../../arm-none-eabi/lib/thumb/v7e-m/nofp/libstdc++_nano.a(string-inst.o)
std::__cxx11::basic_string<char, std::char_traits<char>, std::allocator<char> >::_S_copy_chars(char*, __gnu_cxx::__normal_iterator<char const*, std::__cxx11::basic_string<char, std::char_traits<char>, std::allocator<char> > >, __gnu_cxx::__normal_iterator<char const*, std::__cxx11::basic_string<char, std::char_traits<char>, std::allocator<char> > >) /home/mehdi/ARMToolChain/gcc-arm-none-eabi-9-2019-q4-major-x86_64-linux/gcc-arm-none-eabi-9-2019-q4-major/bin/../lib/gcc/arm-none-eabi/9.2.1/../../../../arm-none-eabi/lib/thumb/v7e-m/nofp/libstdc++_nano.a(string-inst.o)
std::__cxx11::basic_string<char, std::char_traits<char>, std::allocator<char> >::_S_copy_chars(char*, __gnu_cxx::__normal_iterator<char*, std::__cxx11::basic_string<char, std::char_traits<char>, std::allocator<char> > >, __gnu_cxx::__normal_iterator<char*, std::__cxx11::basic_string<char, std::char_traits<char>, std::allocator<char> > >) /home/mehdi/ARMToolChain/gcc-arm-none-eabi-9-2019-q4-major-x86_64-linux/gcc-arm-none-eabi-9-2019-q4-major/bin/../lib/gcc/arm-none-eabi/9.2.1/../../../../arm-none-eabi/lib/thumb/v7e-m/nofp/libstdc++_nano.a(string-inst.o)
std::__cxx11::basic_string<char, std::char_traits<char>, std::allocator<char> >::_S_copy_chars(char*, char const*, char const*) /home/mehdi/ARMToolChain/gcc-arm-none-eabi-9-2019-q4-major-x86_64-linux/gcc-arm-none-eabi-9-2019-q4-major/bin/../lib/gcc/arm-none-eabi/9.2.1/../../../../arm-none-eabi/lib/thumb/v7e-m/nofp/libstdc++_nano.a(string-inst.o)
std::__cxx11::basic_string<char, std::char_traits<char>, std::allocator<char> >::_S_copy_chars(char*, char*, char*) /home/mehdi/ARMToolChain/gcc-arm-none-eabi-9-2019-q4-major-x86_64-linux/gcc-arm-none-eabi-9-2019-q4-major/bin/../lib/gcc/arm-none-eabi/9.2.1/../../../../arm-none-eabi/lib/thumb/v7e-m/nofp/libstdc++_nano.a(string-inst.o)
std::__cxx11::basic_string<char, std::char_traits<char>, std::allocator<char> >::_S_move(char*, char const*, unsigned int) /home/mehdi/ARMToolChain/gcc-arm-none-eabi-9-2019-q4-major-x86_64-linux/gcc-arm-none-eabi-9-2019-q4-major/bin/../lib/gcc/arm-none-eabi/9.2.1/../../../../arm-none-eabi/lib/thumb/v7e-m/nofp/libstdc++_nano.a(string-inst.o)
std::__cxx11::basic_string<char, std::char_traits<char>, std::allocator<char> >::append(char const*) /home/mehdi/ARMToolChain/gcc-arm-none-eabi-9-2019-q4-major-x86_64-linux/gcc-arm-none-eabi-9-2019-q4-major/bin/../lib/gcc/arm-none-eabi/9.2.1/../../../../arm-none-eabi/lib/thumb/v7e-m/nofp/libstdc++_nano.a(string-inst.o)
std::__cxx11::basic_string<char, std::char_traits<char>, std::allocator<char> >::append(char const*, unsigned int) /home/mehdi/ARMToolChain/gcc-arm-none-eabi-9-2019-q4-major-x86_64-linux/gcc-arm-none-eabi-9-2019-q4-major/bin/../lib/gcc/arm-none-eabi/9.2.1/../../../../arm-none-eabi/lib/thumb/v7e-m/nofp/libstdc++_nano.a(string-inst.o)
std::__cxx11::basic_string<char, std::char_traits<char>, std::allocator<char> >::append(std::__cxx11::basic_string<char, std::char_traits<char>, std::allocator<char> > const&) /home/mehdi/ARMToolChain/gcc-arm-none-eabi-9-2019-q4-major-x86_64-linux/gcc-arm-none-eabi-9-2019-q4-major/bin/../lib/gcc/arm-none-eabi/9.2.1/../../../../arm-none-eabi/lib/thumb/v7e-m/nofp/libstdc++_nano.a(string-inst.o)
std::__cxx11::basic_string<char, std::char_traits<char>, std::allocator<char> >::append(std::__cxx11::basic_string<char, std::char_traits<char>, std::allocator<char> > const&, unsigned int, unsigned int) /home/mehdi/ARMToolChain/gcc-arm-none-eabi-9-2019-q4-major-x86_64-linux/gcc-arm-none-eabi-9-2019-q4-major/bin/../lib/gcc/arm-none-eabi/9.2.1/../../../../arm-none-eabi/lib/thumb/v7e-m/nofp/libstdc++_nano.a(string-inst.o)
std::__cxx11::basic_string<char, std::char_traits<char>, std::allocator<char> >::append(std::initializer_list<char>) /home/mehdi/ARMToolChain/gcc-arm-none-eabi-9-2019-q4-major-x86_64-linux/gcc-arm-none-eabi-9-2019-q4-major/bin/../lib/gcc/arm-none-eabi/9.2.1/../../../../arm-none-eabi/lib/thumb/v7e-m/nofp/libstdc++_nano.a(string-inst.o)
std::__cxx11::basic_string<char, std::char_traits<char>, std::allocator<char> >::append(unsigned int, char) /home/mehdi/ARMToolChain/gcc-arm-none-eabi-9-2019-q4-major-x86_64-linux/gcc-arm-none-eabi-9-2019-q4-major/bin/../lib/gcc/arm-none-eabi/9.2.1/../../../../arm-none-eabi/lib/thumb/v7e-m/nofp/libstdc++_nano.a(string-inst.o)
std::__cxx11::basic_string<char, std::char_traits<char>, std::allocator<char> >::assign(char const*) /home/mehdi/ARMToolChain/gcc-arm-none-eabi-9-2019-q4-major-x86_64-linux/gcc-arm-none-eabi-9-2019-q4-major/bin/../lib/gcc/arm-none-eabi/9.2.1/../../../../arm-none-eabi/lib/thumb/v7e-m/nofp/libstdc++_nano.a(string-inst.o)
std::__cxx11::basic_string<char, std::char_traits<char>, std::allocator<char> >::assign(char const*, unsigned int) /home/mehdi/ARMToolChain/gcc-arm-none-eabi-9-2019-q4-major-x86_64-linux/gcc-arm-none-eabi-9-2019-q4-major/bin/../lib/gcc/arm-none-eabi/9.2.1/../../../../arm-none-eabi/lib/thumb/v7e-m/nofp/libstdc++_nano.a(string-inst.o)
std::__cxx11::basic_string<char, std::char_traits<char>, std::allocator<char> >::assign(std::__cxx11::basic_string<char, std::char_traits<char>, std::allocator<char> > const&) /home/mehdi/ARMToolChain/gcc-arm-none-eabi-9-2019-q4-major-x86_64-linux/gcc-arm-none-eabi-9-2019-q4-major/bin/../lib/gcc/arm-none-eabi/9.2.1/../../../../arm-none-eabi/lib/thumb/v7e-m/nofp/libstdc++_nano.a(string-inst.o)
std::__cxx11::basic_string<char, std::char_traits<char>, std::allocator<char> >::assign(std::__cxx11::basic_string<char, std::char_traits<char>, std::allocator<char> > const&, unsigned int, unsigned int) /home/mehdi/ARMToolChain/gcc-arm-none-eabi-9-2019-q4-major-x86_64-linux/gcc-arm-none-eabi-9-2019-q4-major/bin/../lib/gcc/arm-none-eabi/9.2.1/../../../../arm-none-eabi/lib/thumb/v7e-m/nofp/libstdc++_nano.a(string-inst.o)
std::__cxx11::basic_string<char, std::char_traits<char>, std::allocator<char> >::assign(std::__cxx11::basic_string<char, std::char_traits<char>, std::allocator<char> >&&) /home/mehdi/ARMToolChain/gcc-arm-none-eabi-9-2019-q4-major-x86_64-linux/gcc-arm-none-eabi-9-2019-q4-major/bin/../lib/gcc/arm-none-eabi/9.2.1/../../../../arm-none-eabi/lib/thumb/v7e-m/nofp/libstdc++_nano.a(string-inst.o)
std::__cxx11::basic_string<char, std::char_traits<char>, std::allocator<char> >::assign(std::initializer_list<char>) /home/mehdi/ARMToolChain/gcc-arm-none-eabi-9-2019-q4-major-x86_64-linux/gcc-arm-none-eabi-9-2019-q4-major/bin/../lib/gcc/arm-none-eabi/9.2.1/../../../../arm-none-eabi/lib/thumb/v7e-m/nofp/libstdc++_nano.a(string-inst.o)
std::__cxx11::basic_string<char, std::char_traits<char>, std::allocator<char> >::assign(unsigned int, char) /home/mehdi/ARMToolChain/gcc-arm-none-eabi-9-2019-q4-major-x86_64-linux/gcc-arm-none-eabi-9-2019-q4-major/bin/../lib/gcc/arm-none-eabi/9.2.1/../../../../arm-none-eabi/lib/thumb/v7e-m/nofp/libstdc++_nano.a(string-inst.o)
std::__cxx11::basic_string<char, std::char_traits<char>, std::allocator<char> >::at(unsigned int) /home/mehdi/ARMToolChain/gcc-arm-none-eabi-9-2019-q4-major-x86_64-linux/gcc-arm-none-eabi-9-2019-q4-major/bin/../lib/gcc/arm-none-eabi/9.2.1/../../../../arm-none-eabi/lib/thumb/v7e-m/nofp/libstdc++_nano.a(string-inst.o)
std::__cxx11::basic_string<char, std::char_traits<char>, std::allocator<char> >::at(unsigned int) const /home/mehdi/ARMToolChain/gcc-arm-none-eabi-9-2019-q4-major-x86_64-linux/gcc-arm-none-eabi-9-2019-q4-major/bin/../lib/gcc/arm-none-eabi/9.2.1/../../../../arm-none-eabi/lib/thumb/v7e-m/nofp/libstdc++_nano.a(string-inst.o)
std::__cxx11::basic_string<char, std::char_traits<char>, std::allocator<char> >::back() /home/mehdi/ARMToolChain/gcc-arm-none-eabi-9-2019-q4-major-x86_64-linux/gcc-arm-none-eabi-9-2019-q4-major/bin/../lib/gcc/arm-none-eabi/9.2.1/../../../../arm-none-eabi/lib/thumb/v7e-m/nofp/libstdc++_nano.a(string-inst.o)
std::__cxx11::basic_string<char, std::char_traits<char>, std::allocator<char> >::back() const /home/mehdi/ARMToolChain/gcc-arm-none-eabi-9-2019-q4-major-x86_64-linux/gcc-arm-none-eabi-9-2019-q4-major/bin/../lib/gcc/arm-none-eabi/9.2.1/../../../../arm-none-eabi/lib/thumb/v7e-m/nofp/libstdc++_nano.a(string-inst.o)
std::__cxx11::basic_string<char, std::char_traits<char>, std::allocator<char> >::basic_string() /home/mehdi/ARMToolChain/gcc-arm-none-eabi-9-2019-q4-major-x86_64-linux/gcc-arm-none-eabi-9-2019-q4-major/bin/../lib/gcc/arm-none-eabi/9.2.1/../../../../arm-none-eabi/lib/thumb/v7e-m/nofp/libstdc++_nano.a(string-inst.o)
std::__cxx11::basic_string<char, std::char_traits<char>, std::allocator<char> >::basic_string() /home/mehdi/ARMToolChain/gcc-arm-none-eabi-9-2019-q4-major-x86_64-linux/gcc-arm-none-eabi-9-2019-q4-major/bin/../lib/gcc/arm-none-eabi/9.2.1/../../../../arm-none-eabi/lib/thumb/v7e-m/nofp/libstdc++_nano.a(string-inst.o)
std::__cxx11::basic_string<char, std::char_traits<char>, std::allocator<char> >::basic_string(char const*, std::allocator<char> const&) /home/mehdi/ARMToolChain/gcc-arm-none-eabi-9-2019-q4-major-x86_64-linux/gcc-arm-none-eabi-9-2019-q4-major/bin/../lib/gcc/arm-none-eabi/9.2.1/../../../../arm-none-eabi/lib/thumb/v7e-m/nofp/libstdc++_nano.a(string-inst.o)
std::__cxx11::basic_string<char, std::char_traits<char>, std::allocator<char> >::basic_string(char const*, std::allocator<char> const&) /home/mehdi/ARMToolChain/gcc-arm-none-eabi-9-2019-q4-major-x86_64-linux/gcc-arm-none-eabi-9-2019-q4-major/bin/../lib/gcc/arm-none-eabi/9.2.1/../../../../arm-none-eabi/lib/thumb/v7e-m/nofp/libstdc++_nano.a(string-inst.o)
                                                  CMakeFiles/first_hello_world_STM32F301x6.elf.dir/helloWorld.cpp.obj
std::__cxx11::basic_string<char, std::char_traits<char>, std::allocator<char> >::basic_string(char const*, unsigned int, std::allocator<char> const&) /home/mehdi/ARMToolChain/gcc-arm-none-eabi-9-2019-q4-major-x86_64-linux/gcc-arm-none-eabi-9-2019-q4-major/bin/../lib/gcc/arm-none-eabi/9.2.1/../../../../arm-none-eabi/lib/thumb/v7e-m/nofp/libstdc++_nano.a(string-inst.o)
std::__cxx11::basic_string<char, std::char_traits<char>, std::allocator<char> >::basic_string(char const*, unsigned int, std::allocator<char> const&) /home/mehdi/ARMToolChain/gcc-arm-none-eabi-9-2019-q4-major-x86_64-linux/gcc-arm-none-eabi-9-2019-q4-major/bin/../lib/gcc/arm-none-eabi/9.2.1/../../../../arm-none-eabi/lib/thumb/v7e-m/nofp/libstdc++_nano.a(string-inst.o)
std::__cxx11::basic_string<char, std::char_traits<char>, std::allocator<char> >::basic_string(std::__cxx11::basic_string<char, std::char_traits<char>, std::allocator<char> > const&) /home/mehdi/ARMToolChain/gcc-arm-none-eabi-9-2019-q4-major-x86_64-linux/gcc-arm-none-eabi-9-2019-q4-major/bin/../lib/gcc/arm-none-eabi/9.2.1/../../../../arm-none-eabi/lib/thumb/v7e-m/nofp/libstdc++_nano.a(string-inst.o)
std::__cxx11::basic_string<char, std::char_traits<char>, std::allocator<char> >::basic_string(std::__cxx11::basic_string<char, std::char_traits<char>, std::allocator<char> > const&) /home/mehdi/ARMToolChain/gcc-arm-none-eabi-9-2019-q4-major-x86_64-linux/gcc-arm-none-eabi-9-2019-q4-major/bin/../lib/gcc/arm-none-eabi/9.2.1/../../../../arm-none-eabi/lib/thumb/v7e-m/nofp/libstdc++_nano.a(string-inst.o)
std::__cxx11::basic_string<char, std::char_traits<char>, std::allocator<char> >::basic_string(std::__cxx11::basic_string<char, std::char_traits<char>, std::allocator<char> > const&, std::allocator<char> const&) /home/mehdi/ARMToolChain/gcc-arm-none-eabi-9-2019-q4-major-x86_64-linux/gcc-arm-none-eabi-9-2019-q4-major/bin/../lib/gcc/arm-none-eabi/9.2.1/../../../../arm-none-eabi/lib/thumb/v7e-m/nofp/libstdc++_nano.a(string-inst.o)
std::__cxx11::basic_string<char, std::char_traits<char>, std::allocator<char> >::basic_string(std::__cxx11::basic_string<char, std::char_traits<char>, std::allocator<char> > const&, std::allocator<char> const&) /home/mehdi/ARMToolChain/gcc-arm-none-eabi-9-2019-q4-major-x86_64-linux/gcc-arm-none-eabi-9-2019-q4-major/bin/../lib/gcc/arm-none-eabi/9.2.1/../../../../arm-none-eabi/lib/thumb/v7e-m/nofp/libstdc++_nano.a(string-inst.o)
std::__cxx11::basic_string<char, std::char_traits<char>, std::allocator<char> >::basic_string(std::__cxx11::basic_string<char, std::char_traits<char>, std::allocator<char> > const&, unsigned int, std::allocator<char> const&) /home/mehdi/ARMToolChain/gcc-arm-none-eabi-9-2019-q4-major-x86_64-linux/gcc-arm-none-eabi-9-2019-q4-major/bin/../lib/gcc/arm-none-eabi/9.2.1/../../../../arm-none-eabi/lib/thumb/v7e-m/nofp/libstdc++_nano.a(string-inst.o)
std::__cxx11::basic_string<char, std::char_traits<char>, std::allocator<char> >::basic_string(std::__cxx11::basic_string<char, std::char_traits<char>, std::allocator<char> > const&, unsigned int, std::allocator<char> const&) /home/mehdi/ARMToolChain/gcc-arm-none-eabi-9-2019-q4-major-x86_64-linux/gcc-arm-none-eabi-9-2019-q4-major/bin/../lib/gcc/arm-none-eabi/9.2.1/../../../../arm-none-eabi/lib/thumb/v7e-m/nofp/libstdc++_nano.a(string-inst.o)
std::__cxx11::basic_string<char, std::char_traits<char>, std::allocator<char> >::basic_string(std::__cxx11::basic_string<char, std::char_traits<char>, std::allocator<char> > const&, unsigned int, unsigned int) /home/mehdi/ARMToolChain/gcc-arm-none-eabi-9-2019-q4-major-x86_64-linux/gcc-arm-none-eabi-9-2019-q4-major/bin/../lib/gcc/arm-none-eabi/9.2.1/../../../../arm-none-eabi/lib/thumb/v7e-m/nofp/libstdc++_nano.a(string-inst.o)
std::__cxx11::basic_string<char, std::char_traits<char>, std::allocator<char> >::basic_string(std::__cxx11::basic_string<char, std::char_traits<char>, std::allocator<char> > const&, unsigned int, unsigned int) /home/mehdi/ARMToolChain/gcc-arm-none-eabi-9-2019-q4-major-x86_64-linux/gcc-arm-none-eabi-9-2019-q4-major/bin/../lib/gcc/arm-none-eabi/9.2.1/../../../../arm-none-eabi/lib/thumb/v7e-m/nofp/libstdc++_nano.a(string-inst.o)
std::__cxx11::basic_string<char, std::char_traits<char>, std::allocator<char> >::basic_string(std::__cxx11::basic_string<char, std::char_traits<char>, std::allocator<char> > const&, unsigned int, unsigned int, std::allocator<char> const&) /home/mehdi/ARMToolChain/gcc-arm-none-eabi-9-2019-q4-major-x86_64-linux/gcc-arm-none-eabi-9-2019-q4-major/bin/../lib/gcc/arm-none-eabi/9.2.1/../../../../arm-none-eabi/lib/thumb/v7e-m/nofp/libstdc++_nano.a(string-inst.o)
std::__cxx11::basic_string<char, std::char_traits<char>, std::allocator<char> >::basic_string(std::__cxx11::basic_string<char, std::char_traits<char>, std::allocator<char> > const&, unsigned int, unsigned int, std::allocator<char> const&) /home/mehdi/ARMToolChain/gcc-arm-none-eabi-9-2019-q4-major-x86_64-linux/gcc-arm-none-eabi-9-2019-q4-major/bin/../lib/gcc/arm-none-eabi/9.2.1/../../../../arm-none-eabi/lib/thumb/v7e-m/nofp/libstdc++_nano.a(string-inst.o)
std::__cxx11::basic_string<char, std::char_traits<char>, std::allocator<char> >::basic_string(std::__cxx11::basic_string<char, std::char_traits<char>, std::allocator<char> >&&) /home/mehdi/ARMToolChain/gcc-arm-none-eabi-9-2019-q4-major-x86_64-linux/gcc-arm-none-eabi-9-2019-q4-major/bin/../lib/gcc/arm-none-eabi/9.2.1/../../../../arm-none-eabi/lib/thumb/v7e-m/nofp/libstdc++_nano.a(string-inst.o)
std::__cxx11::basic_string<char, std::char_traits<char>, std::allocator<char> >::basic_string(std::__cxx11::basic_string<char, std::char_traits<char>, std::allocator<char> >&&) /home/mehdi/ARMToolChain/gcc-arm-none-eabi-9-2019-q4-major-x86_64-linux/gcc-arm-none-eabi-9-2019-q4-major/bin/../lib/gcc/arm-none-eabi/9.2.1/../../../../arm-none-eabi/lib/thumb/v7e-m/nofp/libstdc++_nano.a(string-inst.o)
std::__cxx11::basic_string<char, std::char_traits<char>, std::allocator<char> >::basic_string(std::__cxx11::basic_string<char, std::char_traits<char>, std::allocator<char> >&&, std::allocator<char> const&) /home/mehdi/ARMToolChain/gcc-arm-none-eabi-9-2019-q4-major-x86_64-linux/gcc-arm-none-eabi-9-2019-q4-major/bin/../lib/gcc/arm-none-eabi/9.2.1/../../../../arm-none-eabi/lib/thumb/v7e-m/nofp/libstdc++_nano.a(string-inst.o)
std::__cxx11::basic_string<char, std::char_traits<char>, std::allocator<char> >::basic_string(std::__cxx11::basic_string<char, std::char_traits<char>, std::allocator<char> >&&, std::allocator<char> const&) /home/mehdi/ARMToolChain/gcc-arm-none-eabi-9-2019-q4-major-x86_64-linux/gcc-arm-none-eabi-9-2019-q4-major/bin/../lib/gcc/arm-none-eabi/9.2.1/../../../../arm-none-eabi/lib/thumb/v7e-m/nofp/libstdc++_nano.a(string-inst.o)
std::__cxx11::basic_string<char, std::char_traits<char>, std::allocator<char> >::basic_string(std::allocator<char> const&) /home/mehdi/ARMToolChain/gcc-arm-none-eabi-9-2019-q4-major-x86_64-linux/gcc-arm-none-eabi-9-2019-q4-major/bin/../lib/gcc/arm-none-eabi/9.2.1/../../../../arm-none-eabi/lib/thumb/v7e-m/nofp/libstdc++_nano.a(string-inst.o)
std::__cxx11::basic_string<char, std::char_traits<char>, std::allocator<char> >::basic_string(std::allocator<char> const&) /home/mehdi/ARMToolChain/gcc-arm-none-eabi-9-2019-q4-major-x86_64-linux/gcc-arm-none-eabi-9-2019-q4-major/bin/../lib/gcc/arm-none-eabi/9.2.1/../../../../arm-none-eabi/lib/thumb/v7e-m/nofp/libstdc++_nano.a(string-inst.o)
std::__cxx11::basic_string<char, std::char_traits<char>, std::allocator<char> >::basic_string(std::initializer_list<char>, std::allocator<char> const&) /home/mehdi/ARMToolChain/gcc-arm-none-eabi-9-2019-q4-major-x86_64-linux/gcc-arm-none-eabi-9-2019-q4-major/bin/../lib/gcc/arm-none-eabi/9.2.1/../../../../arm-none-eabi/lib/thumb/v7e-m/nofp/libstdc++_nano.a(string-inst.o)
std::__cxx11::basic_string<char, std::char_traits<char>, std::allocator<char> >::basic_string(std::initializer_list<char>, std::allocator<char> const&) /home/mehdi/ARMToolChain/gcc-arm-none-eabi-9-2019-q4-major-x86_64-linux/gcc-arm-none-eabi-9-2019-q4-major/bin/../lib/gcc/arm-none-eabi/9.2.1/../../../../arm-none-eabi/lib/thumb/v7e-m/nofp/libstdc++_nano.a(string-inst.o)
std::__cxx11::basic_string<char, std::char_traits<char>, std::allocator<char> >::basic_string(unsigned int, char, std::allocator<char> const&) /home/mehdi/ARMToolChain/gcc-arm-none-eabi-9-2019-q4-major-x86_64-linux/gcc-arm-none-eabi-9-2019-q4-major/bin/../lib/gcc/arm-none-eabi/9.2.1/../../../../arm-none-eabi/lib/thumb/v7e-m/nofp/libstdc++_nano.a(string-inst.o)
std::__cxx11::basic_string<char, std::char_traits<char>, std::allocator<char> >::basic_string(unsigned int, char, std::allocator<char> const&) /home/mehdi/ARMToolChain/gcc-arm-none-eabi-9-2019-q4-major-x86_64-linux/gcc-arm-none-eabi-9-2019-q4-major/bin/../lib/gcc/arm-none-eabi/9.2.1/../../../../arm-none-eabi/lib/thumb/v7e-m/nofp/libstdc++_nano.a(string-inst.o)
std::__cxx11::basic_string<char, std::char_traits<char>, std::allocator<char> >::basic_string<__gnu_cxx::__normal_iterator<char*, std::__cxx11::basic_string<char, std::char_traits<char>, std::allocator<char> > >, void>(__gnu_cxx::__normal_iterator<char*, std::__cxx11::basic_string<char, std::char_traits<char>, std::allocator<char> > >, __gnu_cxx::__normal_iterator<char*, std::__cxx11::basic_string<char, std::char_traits<char>, std::allocator<char> > >, std::allocator<char> const&) /home/mehdi/ARMToolChain/gcc-arm-none-eabi-9-2019-q4-major-x86_64-linux/gcc-arm-none-eabi-9-2019-q4-major/bin/../lib/gcc/arm-none-eabi/9.2.1/../../../../arm-none-eabi/lib/thumb/v7e-m/nofp/libstdc++_nano.a(string-inst.o)
std::__cxx11::basic_string<char, std::char_traits<char>, std::allocator<char> >::basic_string<__gnu_cxx::__normal_iterator<char*, std::__cxx11::basic_string<char, std::char_traits<char>, std::allocator<char> > >, void>(__gnu_cxx::__normal_iterator<char*, std::__cxx11::basic_string<char, std::char_traits<char>, std::allocator<char> > >, __gnu_cxx::__normal_iterator<char*, std::__cxx11::basic_string<char, std::char_traits<char>, std::allocator<char> > >, std::allocator<char> const&) /home/mehdi/ARMToolChain/gcc-arm-none-eabi-9-2019-q4-major-x86_64-linux/gcc-arm-none-eabi-9-2019-q4-major/bin/../lib/gcc/arm-none-eabi/9.2.1/../../../../arm-none-eabi/lib/thumb/v7e-m/nofp/libstdc++_nano.a(string-inst.o)
std::__cxx11::basic_string<char, std::char_traits<char>, std::allocator<char> >::basic_string<char const*, void>(char const*, char const*, std::allocator<char> const&) /home/mehdi/ARMToolChain/gcc-arm-none-eabi-9-2019-q4-major-x86_64-linux/gcc-arm-none-eabi-9-2019-q4-major/bin/../lib/gcc/arm-none-eabi/9.2.1/../../../../arm-none-eabi/lib/thumb/v7e-m/nofp/libstdc++_nano.a(string-inst.o)
std::__cxx11::basic_string<char, std::char_traits<char>, std::allocator<char> >::basic_string<char const*, void>(char const*, char const*, std::allocator<char> const&) /home/mehdi/ARMToolChain/gcc-arm-none-eabi-9-2019-q4-major-x86_64-linux/gcc-arm-none-eabi-9-2019-q4-major/bin/../lib/gcc/arm-none-eabi/9.2.1/../../../../arm-none-eabi/lib/thumb/v7e-m/nofp/libstdc++_nano.a(string-inst.o)
std::__cxx11::basic_string<char, std::char_traits<char>, std::allocator<char> >::basic_string<char*, void>(char*, char*, std::allocator<char> const&) /home/mehdi/ARMToolChain/gcc-arm-none-eabi-9-2019-q4-major-x86_64-linux/gcc-arm-none-eabi-9-2019-q4-major/bin/../lib/gcc/arm-none-eabi/9.2.1/../../../../arm-none-eabi/lib/thumb/v7e-m/nofp/libstdc++_nano.a(string-inst.o)
std::__cxx11::basic_string<char, std::char_traits<char>, std::allocator<char> >::basic_string<char*, void>(char*, char*, std::allocator<char> const&) /home/mehdi/ARMToolChain/gcc-arm-none-eabi-9-2019-q4-major-x86_64-linux/gcc-arm-none-eabi-9-2019-q4-major/bin/../lib/gcc/arm-none-eabi/9.2.1/../../../../arm-none-eabi/lib/thumb/v7e-m/nofp/libstdc++_nano.a(string-inst.o)